Archive member included to satisfy reference by file (symbol)

/Users/student/Library/Application Support/Code/User/globalStorage/vexrobotics.vexcode/sdk/cpp/V5/V5_20240223_11_00_00/vexv5/libv5rt.a(v5_startup.c.obj)
                              (vexStartup)
/Users/student/Library/Application Support/Code/User/globalStorage/vexrobotics.vexcode/sdk/cpp/V5/V5_20240223_11_00_00/vexv5/libv5rt.a(v5_util.c.obj)
                              /Users/student/Library/Application Support/Code/User/globalStorage/vexrobotics.vexcode/sdk/cpp/V5/V5_20240223_11_00_00/vexv5/libv5rt.a(v5_startup.c.obj) (vexStdlibVersionLinked)
/Users/student/Library/Application Support/Code/User/globalStorage/vexrobotics.vexcode/sdk/cpp/V5/V5_20240223_11_00_00/vexv5/libv5rt.a(v5_apijump.c.obj)
                              /Users/student/Library/Application Support/Code/User/globalStorage/vexrobotics.vexcode/sdk/cpp/V5/V5_20240223_11_00_00/vexv5/libv5rt.a(v5_startup.c.obj) (vexPrivateApiEnable)
/Users/student/Library/Application Support/Code/User/globalStorage/vexrobotics.vexcode/sdk/cpp/V5/V5_20240223_11_00_00/vexv5/libv5rt.a(v5_apiversions.c.obj)
                              /Users/student/Library/Application Support/Code/User/globalStorage/vexrobotics.vexcode/sdk/cpp/V5/V5_20240223_11_00_00/vexv5/libv5rt.a(v5_apijump.c.obj) (vexSystemVersion)
/Users/student/Library/Application Support/Code/User/globalStorage/vexrobotics.vexcode/sdk/cpp/V5/V5_20240223_11_00_00/vexv5/libv5rt.a(vex_global.cpp.obj)
                              build/src/main.o (vex::wait(double, vex::timeUnits))
/Users/student/Library/Application Support/Code/User/globalStorage/vexrobotics.vexcode/sdk/cpp/V5/V5_20240223_11_00_00/vexv5/libv5rt.a(vex_motor.cpp.obj)
                              build/src/main.o (vex::motor::~motor())
/Users/student/Library/Application Support/Code/User/globalStorage/vexrobotics.vexcode/sdk/cpp/V5/V5_20240223_11_00_00/vexv5/libv5rt.a(vex_imu.cpp.obj)
                              build/src/main.o (vex::inertial::~inertial())
/Users/student/Library/Application Support/Code/User/globalStorage/vexrobotics.vexcode/sdk/cpp/V5/V5_20240223_11_00_00/vexv5/libv5rt.a(vex_rotation.cpp.obj)
                              build/src/main.o (vex::rotation::~rotation())
/Users/student/Library/Application Support/Code/User/globalStorage/vexrobotics.vexcode/sdk/cpp/V5/V5_20240223_11_00_00/vexv5/libv5rt.a(vex_optical.cpp.obj)
                              build/src/main.o (vex::optical::~optical())
/Users/student/Library/Application Support/Code/User/globalStorage/vexrobotics.vexcode/sdk/cpp/V5/V5_20240223_11_00_00/vexv5/libv5rt.a(vex_controller.cpp.obj)
                              build/src/main.o (vex::controller::~controller())
/Users/student/Library/Application Support/Code/User/globalStorage/vexrobotics.vexcode/sdk/cpp/V5/V5_20240223_11_00_00/vexv5/libv5rt.a(vex_thread.cpp.obj)
                              build/src/main.o (vex::this_thread::sleep_for(unsigned long))
/Users/student/Library/Application Support/Code/User/globalStorage/vexrobotics.vexcode/sdk/cpp/V5/V5_20240223_11_00_00/vexv5/libv5rt.a(vex_event.cpp.obj)
                              /Users/student/Library/Application Support/Code/User/globalStorage/vexrobotics.vexcode/sdk/cpp/V5/V5_20240223_11_00_00/vexv5/libv5rt.a(vex_imu.cpp.obj) (vex::event::init(unsigned long, unsigned long, void (*)()))
/Users/student/Library/Application Support/Code/User/globalStorage/vexrobotics.vexcode/sdk/cpp/V5/V5_20240223_11_00_00/vexv5/libv5rt.a(vex_mevent.cpp.obj)
                              /Users/student/Library/Application Support/Code/User/globalStorage/vexrobotics.vexcode/sdk/cpp/V5/V5_20240223_11_00_00/vexv5/libv5rt.a(vex_controller.cpp.obj) (vex::mevent::mevent(unsigned long, unsigned long))
/Users/student/Library/Application Support/Code/User/globalStorage/vexrobotics.vexcode/sdk/cpp/V5/V5_20240223_11_00_00/vexv5/libv5rt.a(vex_brain.cpp.obj)
                              build/src/main.o (vex::brain::lcd::setCursor(long, long))
/Users/student/Library/Application Support/Code/User/globalStorage/vexrobotics.vexcode/sdk/cpp/V5/V5_20240223_11_00_00/vexv5/libv5rt.a(vex_competition.cpp.obj)
                              build/src/main.o (vex::competition::competition())
/Users/student/Library/Application Support/Code/User/globalStorage/vexrobotics.vexcode/sdk/cpp/V5/V5_20240223_11_00_00/vexv5/libv5rt.a(vex_triport.cpp.obj)
                              /Users/student/Library/Application Support/Code/User/globalStorage/vexrobotics.vexcode/sdk/cpp/V5/V5_20240223_11_00_00/vexv5/libv5rt.a(vex_brain.cpp.obj) (vex::triport::~triport())
/Users/student/Library/Application Support/Code/User/globalStorage/vexrobotics.vexcode/sdk/cpp/V5/V5_20240223_11_00_00/vexv5/libv5rt.a(vex_color.cpp.obj)
                              build/src/main.o (vex::color::~color())
/Users/student/Library/Application Support/Code/User/globalStorage/vexrobotics.vexcode/sdk/cpp/V5/V5_20240223_11_00_00/vexv5/libv5rt.a(vex_timer.cpp.obj)
[...]
Memory Configuration

Name             Origin             Length             Attributes
ps7_ddr_0_S_AXI_BASEADDR 0x0000000003800000 0x0000000004800000
*default*        0x0000000000000000 0xffffffffffffffff

Linker script and memory map

                0x0000000000002000                _STACK_SIZE = DEFINED (_STACK_SIZE)?_STACK_SIZE:0x2000
                0x0000000000100000                _HEAP_SIZE = DEFINED (_HEAP_SIZE)?_HEAP_SIZE:0x100000
                0x0000000000000400                _ABORT_STACK_SIZE = DEFINED (_ABORT_STACK_SIZE)?_ABORT_STACK_SIZE:0x400
                0x0000000000000800                _SUPERVISOR_STACK_SIZE = DEFINED (_SUPERVISOR_STACK_SIZE)?_SUPERVISOR_STACK_SIZE:0x800
                0x0000000000000400                _IRQ_STACK_SIZE = DEFINED (_IRQ_STACK_SIZE)?_IRQ_STACK_SIZE:0x400
                0x0000000000000400                _FIQ_STACK_SIZE = DEFINED (_FIQ_STACK_SIZE)?_FIQ_STACK_SIZE:0x400
                0x0000000000000400                _UNDEF_STACK_SIZE = DEFINED (_UNDEF_STACK_SIZE)?_UNDEF_STACK_SIZE:0x400

.text           0x0000000003800000     0x4e58
 *(.vectors)
 *(.boot_data)
 .boot_data     0x0000000003800000       0x20 /Users/student/Library/Application Support/Code/User/globalStorage/vexrobotics.vexcode/sdk/cpp/V5/V5_20240223_11_00_00/vexv5/libv5rt.a(v5_startup.c.obj)
                0x0000000003800000                vexCodeSig
                0x0000000000000020                . = 0x20
 *(.boot)
 .boot          0x0000000003800020       0xbc /Users/student/Library/Application Support/Code/User/globalStorage/vexrobotics.vexcode/sdk/cpp/V5/V5_20240223_11_00_00/vexv5/libv5rt.a(v5_startup.c.obj)
                0x0000000003800020                vexStartup
                0x0000000003800100                . = ALIGN (0x40)
 *fill*         0x00000000038000dc       0x24 
 *(.freertos_vectors)
 *(.text)
 *(.text.*)
 .text._Z12brain_screenv
                0x0000000003800100      0x75c build/src/main.o
                0x0000000003800100                brain_screen()
 .text._Z8drawLogov
                0x000000000380085c       0xe0 build/src/main.o
                0x000000000380085c                drawLogo()
 .text._ZNSt3mapI10LiftStatesdSt4lessIS0_ESaISt4pairIKS0_dEEEC2ESt16initializer_listIS5_ERKS2_RKS6_
                0x000000000380093c       0x64 build/src/main.o
                0x000000000380093c                std::map<LiftStates, double, std::less<LiftStates>, std::allocator<std::pair<LiftStates const, double> > >::map(std::initializer_list<std::pair<LiftStates const, double> >, std::less<LiftStates> const&, std::allocator<std::pair<LiftStates const, double> > const&)
 .text._ZNSt3mapI10LiftStatesdSt4lessIS0_ESaISt4pairIKS0_dEEED2Ev
                0x00000000038009a0       0x1c build/src/main.o
                0x00000000038009a0                std::map<LiftStates, double, std::less<LiftStates>, std::allocator<std::pair<LiftStates const, double> > >::~map()
 .text._Z9nextStatev
                0x00000000038009bc       0x2c build/src/main.o
                0x00000000038009bc                nextState()
 .text._Z9prevStatev
                0x00000000038009e8       0x2c build/src/main.o
                0x00000000038009e8                prevState()
 .text._Z17mogo_mech_controlv
                0x0000000003800a14       0x2c build/src/main.o
                0x0000000003800a14                mogo_mech_control()
 .text._Z10driveVoltsiii
                0x0000000003800a40      0x118 build/src/main.o
                0x0000000003800a40                driveVolts(int, int, int)
 .text._Z10driveBrakev
                0x0000000003800b58       0x78 build/src/main.o
                0x0000000003800b58                driveBrake()
 .text._Z9inchDrivefdfff
                0x0000000003800bd0      0x138 build/src/main.o
                0x0000000003800bd0                inchDrive(float, double, float, float, float)
 .text._ZN3vex5brain3lcd5printIfEEvT_
                0x0000000003800d08       0x3c build/src/main.o
                0x0000000003800d08                void vex::brain::lcd::print<float>(float)
 .text._Z8gyroTurnfid
                0x0000000003800d44       0xf4 build/src/main.o
                0x0000000003800d44                gyroTurn(float, int, double)
 .text._Z9pre_autonv
                0x0000000003800e38       0xc0 build/src/main.o
                0x0000000003800e38                pre_auton()
 .text._Z10autonomousv
                0x0000000003800ef8      0x368 build/src/main.o
                0x0000000003800ef8                autonomous()
 .text._Z11usercontrolv
                0x0000000003801260      0x3e8 build/src/main.o
                0x0000000003801260                usercontrol()
 .text.main     0x0000000003801648       0x80 build/src/main.o
                0x0000000003801648                main
 .text._ZNSt8_Rb_treeI10LiftStatesSt4pairIKS0_dESt10_Select1stIS3_ESt4lessIS0_ESaIS3_EE8_M_eraseEPSt13_Rb_tree_nodeIS3_E
                0x00000000038016c8       0x40 build/src/main.o
                0x00000000038016c8                std::_Rb_tree<LiftStates, std::pair<LiftStates const, double>, std::_Select1st<std::pair<LiftStates const, double> >, std::less<LiftStates>, std::allocator<std::pair<LiftStates const, double> > >::_M_erase(std::_Rb_tree_node<std::pair<LiftStates const, double> >*)
 .text._ZNSt8_Rb_treeI10LiftStatesSt4pairIKS0_dESt10_Select1stIS3_ESt4lessIS0_ESaIS3_EE17_M_insert_unique_IRKS3_EESt17_Rb_tree_iteratorIS3_ESt23_Rb_tree_const_iteratorIS3_EOT_
                0x0000000003801708       0x50 build/src/main.o
                0x0000000003801708                std::_Rb_tree_iterator<std::pair<LiftStates const, double> > std::_Rb_tree<LiftStates, std::pair<LiftStates const, double>, std::_Select1st<std::pair<LiftStates const, double> >, std::less<LiftStates>, std::allocator<std::pair<LiftStates const, double> > >::_M_insert_unique_<std::pair<LiftStates const, double> const&>(std::_Rb_tree_const_iterator<std::pair<LiftStates const, double> >, std::pair<LiftStates const, double> const&)
 .text._ZNSt8_Rb_treeI10LiftStatesSt4pairIKS0_dESt10_Select1stIS3_ESt4lessIS0_ESaIS3_EE29_M_get_insert_hint_unique_posESt23_Rb_tree_const_iteratorIS3_ERS2_
                0x0000000003801758      0x108 build/src/main.o
                0x0000000003801758                std::_Rb_tree<LiftStates, std::pair<LiftStates const, double>, std::_Select1st<std::pair<LiftStates const, double> >, std::less<LiftStates>, std::allocator<std::pair<LiftStates const, double> > >::_M_get_insert_hint_unique_pos(std::_Rb_tree_const_iterator<std::pair<LiftStates const, double> >, LiftStates const&)
 .text._ZNSt8_Rb_treeI10LiftStatesSt4pairIKS0_dESt10_Select1stIS3_ESt4lessIS0_ESaIS3_EE10_M_insert_IRKS3_EESt17_Rb_tree_iteratorIS3_EPSt18_Rb_tree_node_baseSG_OT_
                0x0000000003801860       0x80 build/src/main.o
                0x0000000003801860                std::_Rb_tree_iterator<std::pair<LiftStates const, double> > std::_Rb_tree<LiftStates, std::pair<LiftStates const, double>, std::_Select1st<std::pair<LiftStates const, double> >, std::less<LiftStates>, std::allocator<std::pair<LiftStates const, double> > >::_M_insert_<std::pair<LiftStates const, double> const&>(std::_Rb_tree_node_base*, std::_Rb_tree_node_base*, std::pair<LiftStates const, double> const&)
 .text._ZNSt8_Rb_treeI10LiftStatesSt4pairIKS0_dESt10_Select1stIS3_ESt4lessIS0_ESaIS3_EE24_M_get_insert_unique_posERS2_
                0x00000000038018e0       0x90 build/src/main.o
                0x00000000038018e0                std::_Rb_tree<LiftStates, std::pair<LiftStates const, double>, std::_Select1st<std::pair<LiftStates const, double> >, std::less<LiftStates>, std::allocator<std::pair<LiftStates const, double> > >::_M_get_insert_unique_pos(LiftStates const&)
 .text._GLOBAL__sub_I_main.cpp
                0x0000000003801970      0x3bc build/src/main.o
 .text.vexMain  0x0000000003801d2c       0xb0 /Users/student/Library/Application Support/Code/User/globalStorage/vexrobotics.vexcode/sdk/cpp/V5/V5_20240223_11_00_00/vexv5/libv5rt.a(v5_startup.c.obj)
                0x0000000003801d2c                vexMain
 .text.__vex_function_prolog
                0x0000000003801ddc       0x18 /Users/student/Library/Application Support/Code/User/globalStorage/vexrobotics.vexcode/sdk/cpp/V5/V5_20240223_11_00_00/vexv5/libv5rt.a(v5_startup.c.obj)
                0x0000000003801ddc                __vex_function_prolog
 .text._init    0x0000000003801df4        0x4 /Users/student/Library/Application Support/Code/User/globalStorage/vexrobotics.vexcode/sdk/cpp/V5/V5_20240223_11_00_00/vexv5/libv5rt.a(v5_startup.c.obj)
                0x0000000003801df4                _init
 .text._fini    0x0000000003801df8        0x4 /Users/student/Library/Application Support/Code/User/globalStorage/vexrobotics.vexcode/sdk/cpp/V5/V5_20240223_11_00_00/vexv5/libv5rt.a(v5_startup.c.obj)
                0x0000000003801df8                _fini
 .text.vexStdlibVersionLinked
                0x0000000003801dfc        0xc /Users/student/Library/Application Support/Code/User/globalStorage/vexrobotics.vexcode/sdk/cpp/V5/V5_20240223_11_00_00/vexv5/libv5rt.a(v5_util.c.obj)
                0x0000000003801dfc                vexStdlibVersionLinked
 .text.vexStdlibVersionVerify
                0x0000000003801e08       0x30 /Users/student/Library/Application Support/Code/User/globalStorage/vexrobotics.vexcode/sdk/cpp/V5/V5_20240223_11_00_00/vexv5/libv5rt.a(v5_util.c.obj)
                0x0000000003801e08                vexStdlibVersionVerify
 .text.vexPrivateApiEnable
                0x0000000003801e38       0x10 /Users/student/Library/Application Support/Code/User/globalStorage/vexrobotics.vexcode/sdk/cpp/V5/V5_20240223_11_00_00/vexv5/libv5rt.a(v5_apijump.c.obj)
                0x0000000003801e38                vexPrivateApiEnable
 .text.vexStdlibMismatchError
                0x0000000003801e48       0x3c /Users/student/Library/Application Support/Code/User/globalStorage/vexrobotics.vexcode/sdk/cpp/V5/V5_20240223_11_00_00/vexv5/libv5rt.a(v5_apijump.c.obj)
                0x0000000003801e48                vexStdlibMismatchError
 .text.vexTaskAdd
                0x0000000003801e84       0x10 /Users/student/Library/Application Support/Code/User/globalStorage/vexrobotics.vexcode/sdk/cpp/V5/V5_20240223_11_00_00/vexv5/libv5rt.a(v5_apijump.c.obj)
                0x0000000003801e84                vexTaskAdd
 .text.vexTasksRun
                0x0000000003801e94       0x10 /Users/student/Library/Application Support/Code/User/globalStorage/vexrobotics.vexcode/sdk/cpp/V5/V5_20240223_11_00_00/vexv5/libv5rt.a(v5_apijump.c.obj)
                0x0000000003801e94                vexTasksRun
 .text.vexTaskYield
                0x0000000003801ea4       0x10 /Users/student/Library/Application Support/Code/User/globalStorage/vexrobotics.vexcode/sdk/cpp/V5/V5_20240223_11_00_00/vexv5/libv5rt.a(v5_apijump.c.obj)
                0x0000000003801ea4                vexTaskYield
 .text.vexTaskCheckTimeslice
                0x0000000003801eb4       0x10 /Users/student/Library/Application Support/Code/User/globalStorage/vexrobotics.vexcode/sdk/cpp/V5/V5_20240223_11_00_00/vexv5/libv5rt.a(v5_apijump.c.obj)
                0x0000000003801eb4                vexTaskCheckTimeslice
 .text.vexTaskSleep
                0x0000000003801ec4       0x10 /Users/student/Library/Application Support/Code/User/globalStorage/vexrobotics.vexcode/sdk/cpp/V5/V5_20240223_11_00_00/vexv5/libv5rt.a(v5_apijump.c.obj)
                0x0000000003801ec4                vexTaskSleep
 .text.vexTasksDump
                0x0000000003801ed4       0x1c /Users/student/Library/Application Support/Code/User/globalStorage/vexrobotics.vexcode/sdk/cpp/V5/V5_20240223_11_00_00/vexv5/libv5rt.a(v5_apijump.c.obj)
                0x0000000003801ed4                vexTasksDump
 .text.vexTaskGetTaskIndex
                0x0000000003801ef0       0x10 /Users/student/Library/Application Support/Code/User/globalStorage/vexrobotics.vexcode/sdk/cpp/V5/V5_20240223_11_00_00/vexv5/libv5rt.a(v5_apijump.c.obj)
                0x0000000003801ef0                vexTaskGetTaskIndex
 .text.vexTaskStopAll
                0x0000000003801f00       0x10 /Users/student/Library/Application Support/Code/User/globalStorage/vexrobotics.vexcode/sdk/cpp/V5/V5_20240223_11_00_00/vexv5/libv5rt.a(v5_apijump.c.obj)
                0x0000000003801f00                vexTaskStopAll
 .text.vexTaskRemoveAllUser
                0x0000000003801f10       0x34 /Users/student/Library/Application Support/Code/User/globalStorage/vexrobotics.vexcode/sdk/cpp/V5/V5_20240223_11_00_00/vexv5/libv5rt.a(v5_apijump.c.obj)
                0x0000000003801f10                vexTaskRemoveAllUser
 .text.vexTaskCompletionIdSet
                0x0000000003801f44       0x10 /Users/student/Library/Application Support/Code/User/globalStorage/vexrobotics.vexcode/sdk/cpp/V5/V5_20240223_11_00_00/vexv5/libv5rt.a(v5_apijump.c.obj)
                0x0000000003801f44                vexTaskCompletionIdSet
 .text.vexTaskStopWithId
                0x0000000003801f54       0x10 /Users/student/Library/Application Support/Code/User/globalStorage/vexrobotics.vexcode/sdk/cpp/V5/V5_20240223_11_00_00/vexv5/libv5rt.a(v5_apijump.c.obj)
                0x0000000003801f54                vexTaskStopWithId
 .text.vexCriticalSection
                0x0000000003801f64       0x2c /Users/student/Library/Application Support/Code/User/globalStorage/vexrobotics.vexcode/sdk/cpp/V5/V5_20240223_11_00_00/vexv5/libv5rt.a(v5_apijump.c.obj)
                0x0000000003801f64                vexCriticalSection
 .text.vexEventAdd
                0x0000000003801f90       0x34 /Users/student/Library/Application Support/Code/User/globalStorage/vexrobotics.vexcode/sdk/cpp/V5/V5_20240223_11_00_00/vexv5/libv5rt.a(v5_apijump.c.obj)
                0x0000000003801f90                vexEventAdd
 .text.vexEventUserIndexGet
                0x0000000003801fc4       0x1c /Users/student/Library/Application Support/Code/User/globalStorage/vexrobotics.vexcode/sdk/cpp/V5/V5_20240223_11_00_00/vexv5/libv5rt.a(v5_apijump.c.obj)
                0x0000000003801fc4                vexEventUserIndexGet
 .text.vexEventAddWithArg
                0x0000000003801fe0       0x3c /Users/student/Library/Application Support/Code/User/globalStorage/vexrobotics.vexcode/sdk/cpp/V5/V5_20240223_11_00_00/vexv5/libv5rt.a(v5_apijump.c.obj)
                0x0000000003801fe0                vexEventAddWithArg
 .text.vexEventsCleanup
                0x000000000380201c       0x2c /Users/student/Library/Application Support/Code/User/globalStorage/vexrobotics.vexcode/sdk/cpp/V5/V5_20240223_11_00_00/vexv5/libv5rt.a(v5_apijump.c.obj)
                0x000000000380201c                vexEventsCleanup
 .text.vexDebug
                0x0000000003802048       0x38 /Users/student/Library/Application Support/Code/User/globalStorage/vexrobotics.vexcode/sdk/cpp/V5/V5_20240223_11_00_00/vexv5/libv5rt.a(v5_apijump.c.obj)
                0x0000000003802048                vexDebug
 .text.vex_sprintf
                0x0000000003802080       0x40 /Users/student/Library/Application Support/Code/User/globalStorage/vexrobotics.vexcode/sdk/cpp/V5/V5_20240223_11_00_00/vexv5/libv5rt.a(v5_apijump.c.obj)
                0x0000000003802080                vex_sprintf
 .text.vex_vsnprintf
                0x00000000038020c0       0x3c /Users/student/Library/Application Support/Code/User/globalStorage/vexrobotics.vexcode/sdk/cpp/V5/V5_20240223_11_00_00/vexv5/libv5rt.a(v5_apijump.c.obj)
                0x00000000038020c0                vex_vsnprintf
 .text.vexSystemTimeGet
                0x00000000038020fc       0x1c /Users/student/Library/Application Support/Code/User/globalStorage/vexrobotics.vexcode/sdk/cpp/V5/V5_20240223_11_00_00/vexv5/libv5rt.a(v5_apijump.c.obj)
                0x00000000038020fc                vexSystemTimeGet
 .text.vexSystemExitRequest
                0x0000000003802118       0x1c /Users/student/Library/Application Support/Code/User/globalStorage/vexrobotics.vexcode/sdk/cpp/V5/V5_20240223_11_00_00/vexv5/libv5rt.a(v5_apijump.c.obj)
                0x0000000003802118                vexSystemExitRequest
 .text.vexDeviceGetByIndex
                0x0000000003802134       0x24 /Users/student/Library/Application Support/Code/User/globalStorage/vexrobotics.vexcode/sdk/cpp/V5/V5_20240223_11_00_00/vexv5/libv5rt.a(v5_apijump.c.obj)
                0x0000000003802134                vexDeviceGetByIndex
 .text.vexControllerGet
                0x0000000003802158       0x2c /Users/student/Library/Application Support/Code/User/globalStorage/vexrobotics.vexcode/sdk/cpp/V5/V5_20240223_11_00_00/vexv5/libv5rt.a(v5_apijump.c.obj)
                0x0000000003802158                vexControllerGet
 .text.vexControllerTextSet
                0x0000000003802184       0x74 /Users/student/Library/Application Support/Code/User/globalStorage/vexrobotics.vexcode/sdk/cpp/V5/V5_20240223_11_00_00/vexv5/libv5rt.a(v5_apijump.c.obj)
                0x0000000003802184                vexControllerTextSet
 .text.vexDeviceAdiPortConfigSet
                0x00000000038021f8       0x34 /Users/student/Library/Application Support/Code/User/globalStorage/vexrobotics.vexcode/sdk/cpp/V5/V5_20240223_11_00_00/vexv5/libv5rt.a(v5_apijump.c.obj)
                0x00000000038021f8                vexDeviceAdiPortConfigSet
 .text.vexDeviceAdiPortConfigGet
                0x000000000380222c       0x2c /Users/student/Library/Application Support/Code/User/globalStorage/vexrobotics.vexcode/sdk/cpp/V5/V5_20240223_11_00_00/vexv5/libv5rt.a(v5_apijump.c.obj)
                0x000000000380222c                vexDeviceAdiPortConfigGet
 .text.vexDeviceAdiValueSet
                0x0000000003802258       0x34 /Users/student/Library/Application Support/Code/User/globalStorage/vexrobotics.vexcode/sdk/cpp/V5/V5_20240223_11_00_00/vexv5/libv5rt.a(v5_apijump.c.obj)
                0x0000000003802258                vexDeviceAdiValueSet
 .text.vexDeviceAdiValueGet
                0x000000000380228c       0x2c /Users/student/Library/Application Support/Code/User/globalStorage/vexrobotics.vexcode/sdk/cpp/V5/V5_20240223_11_00_00/vexv5/libv5rt.a(v5_apijump.c.obj)
                0x000000000380228c                vexDeviceAdiValueGet
 .text.vexDeviceMotorVelocitySet
                0x00000000038022b8       0x2c /Users/student/Library/Application Support/Code/User/globalStorage/vexrobotics.vexcode/sdk/cpp/V5/V5_20240223_11_00_00/vexv5/libv5rt.a(v5_apijump.c.obj)
                0x00000000038022b8                vexDeviceMotorVelocitySet
 .text.vexDeviceMotorVoltageSet
                0x00000000038022e4       0x2c /Users/student/Library/Application Support/Code/User/globalStorage/vexrobotics.vexcode/sdk/cpp/V5/V5_20240223_11_00_00/vexv5/libv5rt.a(v5_apijump.c.obj)
                0x00000000038022e4                vexDeviceMotorVoltageSet
 .text.vexDeviceMotorActualVelocityGet
                0x0000000003802310       0x24 /Users/student/Library/Application Support/Code/User/globalStorage/vexrobotics.vexcode/sdk/cpp/V5/V5_20240223_11_00_00/vexv5/libv5rt.a(v5_apijump.c.obj)
                0x0000000003802310                vexDeviceMotorActualVelocityGet
 .text.vexDeviceMotorCurrentLimitSet
                0x0000000003802334       0x2c /Users/student/Library/Application Support/Code/User/globalStorage/vexrobotics.vexcode/sdk/cpp/V5/V5_20240223_11_00_00/vexv5/libv5rt.a(v5_apijump.c.obj)
                0x0000000003802334                vexDeviceMotorCurrentLimitSet
 .text.vexDeviceMotorTemperatureGet
                0x0000000003802360       0x24 /Users/student/Library/Application Support/Code/User/globalStorage/vexrobotics.vexcode/sdk/cpp/V5/V5_20240223_11_00_00/vexv5/libv5rt.a(v5_apijump.c.obj)
                0x0000000003802360                vexDeviceMotorTemperatureGet
 .text.vexDeviceMotorReverseFlagSet
                0x0000000003802384       0x2c /Users/student/Library/Application Support/Code/User/globalStorage/vexrobotics.vexcode/sdk/cpp/V5/V5_20240223_11_00_00/vexv5/libv5rt.a(v5_apijump.c.obj)
                0x0000000003802384                vexDeviceMotorReverseFlagSet
 .text.vexDeviceMotorEncoderUnitsSet
                0x00000000038023b0       0x2c /Users/student/Library/Application Support/Code/User/globalStorage/vexrobotics.vexcode/sdk/cpp/V5/V5_20240223_11_00_00/vexv5/libv5rt.a(v5_apijump.c.obj)
                0x00000000038023b0                vexDeviceMotorEncoderUnitsSet
 .text.vexDeviceMotorBrakeModeSet
                0x00000000038023dc       0x2c /Users/student/Library/Application Support/Code/User/globalStorage/vexrobotics.vexcode/sdk/cpp/V5/V5_20240223_11_00_00/vexv5/libv5rt.a(v5_apijump.c.obj)
                0x00000000038023dc                vexDeviceMotorBrakeModeSet
 .text.vexDeviceMotorPositionSet
                0x0000000003802408       0x34 /Users/student/Library/Application Support/Code/User/globalStorage/vexrobotics.vexcode/sdk/cpp/V5/V5_20240223_11_00_00/vexv5/libv5rt.a(v5_apijump.c.obj)
                0x0000000003802408                vexDeviceMotorPositionSet
 .text.vexDeviceMotorPositionGet
                0x000000000380243c       0x24 /Users/student/Library/Application Support/Code/User/globalStorage/vexrobotics.vexcode/sdk/cpp/V5/V5_20240223_11_00_00/vexv5/libv5rt.a(v5_apijump.c.obj)
                0x000000000380243c                vexDeviceMotorPositionGet
 .text.vexDeviceMotorGearingSet
                0x0000000003802460       0x2c /Users/student/Library/Application Support/Code/User/globalStorage/vexrobotics.vexcode/sdk/cpp/V5/V5_20240223_11_00_00/vexv5/libv5rt.a(v5_apijump.c.obj)
                0x0000000003802460                vexDeviceMotorGearingSet
 .text.vexDeviceMotorGearingGet
                0x000000000380248c       0x24 /Users/student/Library/Application Support/Code/User/globalStorage/vexrobotics.vexcode/sdk/cpp/V5/V5_20240223_11_00_00/vexv5/libv5rt.a(v5_apijump.c.obj)
                0x000000000380248c                vexDeviceMotorGearingGet
 .text.vexDeviceImuReset
                0x00000000038024b0       0x24 /Users/student/Library/Application Support/Code/User/globalStorage/vexrobotics.vexcode/sdk/cpp/V5/V5_20240223_11_00_00/vexv5/libv5rt.a(v5_apijump.c.obj)
                0x00000000038024b0                vexDeviceImuReset
 .text.vexDeviceImuHeadingGet
                0x00000000038024d4       0x24 /Users/student/Library/Application Support/Code/User/globalStorage/vexrobotics.vexcode/sdk/cpp/V5/V5_20240223_11_00_00/vexv5/libv5rt.a(v5_apijump.c.obj)
                0x00000000038024d4                vexDeviceImuHeadingGet
 .text.vexDeviceImuDegreesGet
                0x00000000038024f8       0x24 /Users/student/Library/Application Support/Code/User/globalStorage/vexrobotics.vexcode/sdk/cpp/V5/V5_20240223_11_00_00/vexv5/libv5rt.a(v5_apijump.c.obj)
                0x00000000038024f8                vexDeviceImuDegreesGet
 .text.vexDeviceImuStatusGet
                0x000000000380251c       0x24 /Users/student/Library/Application Support/Code/User/globalStorage/vexrobotics.vexcode/sdk/cpp/V5/V5_20240223_11_00_00/vexv5/libv5rt.a(v5_apijump.c.obj)
                0x000000000380251c                vexDeviceImuStatusGet
 .text.vexDeviceAbsEncAngleGet
                0x0000000003802540       0x24 /Users/student/Library/Application Support/Code/User/globalStorage/vexrobotics.vexcode/sdk/cpp/V5/V5_20240223_11_00_00/vexv5/libv5rt.a(v5_apijump.c.obj)
                0x0000000003802540                vexDeviceAbsEncAngleGet
 .text.vexDeviceAbsEncReverseFlagSet
                0x0000000003802564       0x2c /Users/student/Library/Application Support/Code/User/globalStorage/vexrobotics.vexcode/sdk/cpp/V5/V5_20240223_11_00_00/vexv5/libv5rt.a(v5_apijump.c.obj)
                0x0000000003802564                vexDeviceAbsEncReverseFlagSet
 .text.vexDeviceOpticalHueGet
                0x0000000003802590       0x24 /Users/student/Library/Application Support/Code/User/globalStorage/vexrobotics.vexcode/sdk/cpp/V5/V5_20240223_11_00_00/vexv5/libv5rt.a(v5_apijump.c.obj)
                0x0000000003802590                vexDeviceOpticalHueGet
 .text.vexDeviceOpticalGestureEnable
                0x00000000038025b4       0x24 /Users/student/Library/Application Support/Code/User/globalStorage/vexrobotics.vexcode/sdk/cpp/V5/V5_20240223_11_00_00/vexv5/libv5rt.a(v5_apijump.c.obj)
                0x00000000038025b4                vexDeviceOpticalGestureEnable
 .text.vexDeviceOpticalGestureDisable
                0x00000000038025d8       0x24 /Users/student/Library/Application Support/Code/User/globalStorage/vexrobotics.vexcode/sdk/cpp/V5/V5_20240223_11_00_00/vexv5/libv5rt.a(v5_apijump.c.obj)
                0x00000000038025d8                vexDeviceOpticalGestureDisable
 .text.vexDeviceOpticalProximityThreshold
                0x00000000038025fc       0x2c /Users/student/Library/Application Support/Code/User/globalStorage/vexrobotics.vexcode/sdk/cpp/V5/V5_20240223_11_00_00/vexv5/libv5rt.a(v5_apijump.c.obj)
                0x00000000038025fc                vexDeviceOpticalProximityThreshold
 .text.vexDisplayForegroundColor
                0x0000000003802628       0x24 /Users/student/Library/Application Support/Code/User/globalStorage/vexrobotics.vexcode/sdk/cpp/V5/V5_20240223_11_00_00/vexv5/libv5rt.a(v5_apijump.c.obj)
                0x0000000003802628                vexDisplayForegroundColor
 .text.vexDisplayBackgroundColor
                0x000000000380264c       0x24 /Users/student/Library/Application Support/Code/User/globalStorage/vexrobotics.vexcode/sdk/cpp/V5/V5_20240223_11_00_00/vexv5/libv5rt.a(v5_apijump.c.obj)
                0x000000000380264c                vexDisplayBackgroundColor
 .text.vexDisplayPixelSet
                0x0000000003802670       0x38 /Users/student/Library/Application Support/Code/User/globalStorage/vexrobotics.vexcode/sdk/cpp/V5/V5_20240223_11_00_00/vexv5/libv5rt.a(v5_apijump.c.obj)
                0x0000000003802670                vexDisplayPixelSet
 .text.vexDisplayVPrintf
                0x00000000038026a8       0x50 /Users/student/Library/Application Support/Code/User/globalStorage/vexrobotics.vexcode/sdk/cpp/V5/V5_20240223_11_00_00/vexv5/libv5rt.a(v5_apijump.c.obj)
                0x00000000038026a8                vexDisplayVPrintf
 .text.vexDisplayTextReference
                0x00000000038026f8       0x24 /Users/student/Library/Application Support/Code/User/globalStorage/vexrobotics.vexcode/sdk/cpp/V5/V5_20240223_11_00_00/vexv5/libv5rt.a(v5_apijump.c.obj)
                0x00000000038026f8                vexDisplayTextReference
 .text.vexDisplayTextSize
                0x000000000380271c       0x2c /Users/student/Library/Application Support/Code/User/globalStorage/vexrobotics.vexcode/sdk/cpp/V5/V5_20240223_11_00_00/vexv5/libv5rt.a(v5_apijump.c.obj)
                0x000000000380271c                vexDisplayTextSize
 .text.vexDisplayFontNamedSet
                0x0000000003802748       0x24 /Users/student/Library/Application Support/Code/User/globalStorage/vexrobotics.vexcode/sdk/cpp/V5/V5_20240223_11_00_00/vexv5/libv5rt.a(v5_apijump.c.obj)
                0x0000000003802748                vexDisplayFontNamedSet
 .text.vexDisplayStringWidthGet
                0x000000000380276c       0x24 /Users/student/Library/Application Support/Code/User/globalStorage/vexrobotics.vexcode/sdk/cpp/V5/V5_20240223_11_00_00/vexv5/libv5rt.a(v5_apijump.c.obj)
                0x000000000380276c                vexDisplayStringWidthGet
 .text.vexSystemStdlibImpureDataAddr
                0x0000000003802790       0x28 /Users/student/Library/Application Support/Code/User/globalStorage/vexrobotics.vexcode/sdk/cpp/V5/V5_20240223_11_00_00/vexv5/libv5rt.a(v5_apijump.c.obj)
                0x0000000003802790                vexSystemStdlibImpureDataAddr
 .text.vexSystemStdlibImpureDataSize
                0x00000000038027b8       0x28 /Users/student/Library/Application Support/Code/User/globalStorage/vexrobotics.vexcode/sdk/cpp/V5/V5_20240223_11_00_00/vexv5/libv5rt.a(v5_apijump.c.obj)
                0x00000000038027b8                vexSystemStdlibImpureDataSize
 .text.vexSystemSaveUserData
                0x00000000038027e0       0x3c /Users/student/Library/Application Support/Code/User/globalStorage/vexrobotics.vexcode/sdk/cpp/V5/V5_20240223_11_00_00/vexv5/libv5rt.a(v5_apijump.c.obj)
                0x00000000038027e0                vexSystemSaveUserData
 .text.vexDisplayThemeIdGet
                0x000000000380281c       0x38 /Users/student/Library/Application Support/Code/User/globalStorage/vexrobotics.vexcode/sdk/cpp/V5/V5_20240223_11_00_00/vexv5/libv5rt.a(v5_apijump.c.obj)
                0x000000000380281c                vexDisplayThemeIdGet
 .text.vexDeviceEventMaskSet
                0x0000000003802854       0x48 /Users/student/Library/Application Support/Code/User/globalStorage/vexrobotics.vexcode/sdk/cpp/V5/V5_20240223_11_00_00/vexv5/libv5rt.a(v5_apijump.c.obj)
                0x0000000003802854                vexDeviceEventMaskSet
 .text.vexDeviceEventMaskGet
                0x000000000380289c       0x3c /Users/student/Library/Application Support/Code/User/globalStorage/vexrobotics.vexcode/sdk/cpp/V5/V5_20240223_11_00_00/vexv5/libv5rt.a(v5_apijump.c.obj)
                0x000000000380289c                vexDeviceEventMaskGet
 .text.vexSystemVersion
                0x00000000038028d8       0x10 /Users/student/Library/Application Support/Code/User/globalStorage/vexrobotics.vexcode/sdk/cpp/V5/V5_20240223_11_00_00/vexv5/libv5rt.a(v5_apiversions.c.obj)
                0x00000000038028d8                vexSystemVersion
 .text.vexStdlibVersion
                0x00000000038028e8       0x10 /Users/student/Library/Application Support/Code/User/globalStorage/vexrobotics.vexcode/sdk/cpp/V5/V5_20240223_11_00_00/vexv5/libv5rt.a(v5_apiversions.c.obj)
                0x00000000038028e8                vexStdlibVersion
 .text._ZN3vex4waitEdNS_9timeUnitsE
                0x00000000038028f8       0x30 /Users/student/Library/Application Support/Code/User/globalStorage/vexrobotics.vexcode/sdk/cpp/V5/V5_20240223_11_00_00/vexv5/libv5rt.a(vex_global.cpp.obj)
                0x00000000038028f8                vex::wait(double, vex::timeUnits)
 .text._ZN3vex5motorD2Ev
                0x0000000003802928       0x20 /Users/student/Library/Application Support/Code/User/globalStorage/vexrobotics.vexcode/sdk/cpp/V5/V5_20240223_11_00_00/vexv5/libv5rt.a(vex_motor.cpp.obj)
                0x0000000003802928                vex::motor::~motor()
                0x0000000003802928                vex::motor::~motor()
 .text._ZN3vex5motorD0Ev
                0x0000000003802948       0x1c /Users/student/Library/Application Support/Code/User/globalStorage/vexrobotics.vexcode/sdk/cpp/V5/V5_20240223_11_00_00/vexv5/libv5rt.a(vex_motor.cpp.obj)
                0x0000000003802948                vex::motor::~motor()
 .text._ZN3vex5motor9installedEv
                0x0000000003802964       0x18 /Users/student/Library/Application Support/Code/User/globalStorage/vexrobotics.vexcode/sdk/cpp/V5/V5_20240223_11_00_00/vexv5/libv5rt.a(vex_motor.cpp.obj)
                0x0000000003802964                vex::motor::installed()
 .text._ZN3vex5motor15defaultStoppingENS_9brakeTypeE
                0x000000000380297c       0x30 /Users/student/Library/Application Support/Code/User/globalStorage/vexrobotics.vexcode/sdk/cpp/V5/V5_20240223_11_00_00/vexv5/libv5rt.a(vex_motor.cpp.obj)
                0x000000000380297c                vex::motor::defaultStopping(vex::brakeType)
 .text._ZN3vex5motor8setBrakeENS_9brakeTypeE
                0x00000000038029ac        0x4 /Users/student/Library/Application Support/Code/User/globalStorage/vexrobotics.vexcode/sdk/cpp/V5/V5_20240223_11_00_00/vexv5/libv5rt.a(vex_motor.cpp.obj)
                0x00000000038029ac                vex::motor::setBrake(vex::brakeType)
 .text._ZN3vex5motorC2El
                0x00000000038029b0       0x78 /Users/student/Library/Application Support/Code/User/globalStorage/vexrobotics.vexcode/sdk/cpp/V5/V5_20240223_11_00_00/vexv5/libv5rt.a(vex_motor.cpp.obj)
                0x00000000038029b0                vex::motor::motor(long)
                0x00000000038029b0                vex::motor::motor(long)
 .text._ZN3vex5motorC2ElNS_11gearSettingEb
                0x0000000003802a28       0x34 /Users/student/Library/Application Support/Code/User/globalStorage/vexrobotics.vexcode/sdk/cpp/V5/V5_20240223_11_00_00/vexv5/libv5rt.a(vex_motor.cpp.obj)
                0x0000000003802a28                vex::motor::motor(long, vex::gearSetting, bool)
                0x0000000003802a28                vex::motor::motor(long, vex::gearSetting, bool)
 *fill*         0x0000000003802a5c        0x4 
 .text._ZN3vex5motor4spinENS_13directionTypeEdNS_12voltageUnitsE
                0x0000000003802a60       0x50 /Users/student/Library/Application Support/Code/User/globalStorage/vexrobotics.vexcode/sdk/cpp/V5/V5_20240223_11_00_00/vexv5/libv5rt.a(vex_motor.cpp.obj)
                0x0000000003802a60                vex::motor::spin(vex::directionType, double, vex::voltageUnits)
 .text._ZN3vex5motor4stopENS_9brakeTypeE
                0x0000000003802ab0       0x30 /Users/student/Library/Application Support/Code/User/globalStorage/vexrobotics.vexcode/sdk/cpp/V5/V5_20240223_11_00_00/vexv5/libv5rt.a(vex_motor.cpp.obj)
                0x0000000003802ab0                vex::motor::stop(vex::brakeType)
 .text._ZN3vex5motor4stopEv
                0x0000000003802ae0        0x8 /Users/student/Library/Application Support/Code/User/globalStorage/vexrobotics.vexcode/sdk/cpp/V5/V5_20240223_11_00_00/vexv5/libv5rt.a(vex_motor.cpp.obj)
                0x0000000003802ae0                vex::motor::stop()
 .text._ZN3vex5motor12setMaxTorqueEdNS_12percentUnitsE
                0x0000000003802ae8       0x88 /Users/student/Library/Application Support/Code/User/globalStorage/vexrobotics.vexcode/sdk/cpp/V5/V5_20240223_11_00_00/vexv5/libv5rt.a(vex_motor.cpp.obj)
                0x0000000003802ae8                vex::motor::setMaxTorque(double, vex::percentUnits)
 .text._ZN3vex5motor11temperatureENS_12percentUnitsE
                0x0000000003802b70       0x68 /Users/student/Library/Application Support/Code/User/globalStorage/vexrobotics.vexcode/sdk/cpp/V5/V5_20240223_11_00_00/vexv5/libv5rt.a(vex_motor.cpp.obj)
                0x0000000003802b70                vex::motor::temperature(vex::percentUnits)
 .text._ZN3vex5motor16velocityToScaledEdNS_13velocityUnitsE
                0x0000000003802bd8       0x5c /Users/student/Library/Application Support/Code/User/globalStorage/vexrobotics.vexcode/sdk/cpp/V5/V5_20240223_11_00_00/vexv5/libv5rt.a(vex_motor.cpp.obj)
                0x0000000003802bd8                vex::motor::velocityToScaled(double, vex::velocityUnits)
 .text._ZN3vex5motor8velocityENS_13velocityUnitsE
                0x0000000003802c34       0x30 /Users/student/Library/Application Support/Code/User/globalStorage/vexrobotics.vexcode/sdk/cpp/V5/V5_20240223_11_00_00/vexv5/libv5rt.a(vex_motor.cpp.obj)
                0x0000000003802c34                vex::motor::velocity(vex::velocityUnits)
 .text._ZN3vex5motor5valueEv
                0x0000000003802c64       0x1c /Users/student/Library/Application Support/Code/User/globalStorage/vexrobotics.vexcode/sdk/cpp/V5/V5_20240223_11_00_00/vexv5/libv5rt.a(vex_motor.cpp.obj)
                0x0000000003802c64                vex::motor::value()
 .text._ZN3vex5motor16scaledToVelocityEdNS_13velocityUnitsE
                0x0000000003802c80       0xa4 /Users/student/Library/Application Support/Code/User/globalStorage/vexrobotics.vexcode/sdk/cpp/V5/V5_20240223_11_00_00/vexv5/libv5rt.a(vex_motor.cpp.obj)
                0x0000000003802c80                vex::motor::scaledToVelocity(double, vex::velocityUnits)
 .text._ZN3vex5motor4spinENS_13directionTypeEdNS_13velocityUnitsE
                0x0000000003802d24       0x5c /Users/student/Library/Application Support/Code/User/globalStorage/vexrobotics.vexcode/sdk/cpp/V5/V5_20240223_11_00_00/vexv5/libv5rt.a(vex_motor.cpp.obj)
                0x0000000003802d24                vex::motor::spin(vex::directionType, double, vex::velocityUnits)
 .text._ZN3vex5motor4spinENS_13directionTypeE
                0x0000000003802d80       0x28 /Users/student/Library/Application Support/Code/User/globalStorage/vexrobotics.vexcode/sdk/cpp/V5/V5_20240223_11_00_00/vexv5/libv5rt.a(vex_motor.cpp.obj)
                0x0000000003802d80                vex::motor::spin(vex::directionType)
 .text._ZN3vex5motor11setVelocityEdNS_13velocityUnitsE
                0x0000000003802da8       0x54 /Users/student/Library/Application Support/Code/User/globalStorage/vexrobotics.vexcode/sdk/cpp/V5/V5_20240223_11_00_00/vexv5/libv5rt.a(vex_motor.cpp.obj)
                0x0000000003802da8                vex::motor::setVelocity(double, vex::velocityUnits)
 .text._ZN3vex5motor16setRotationUnitsENS_13rotationUnitsE
                0x0000000003802dfc       0x1c /Users/student/Library/Application Support/Code/User/globalStorage/vexrobotics.vexcode/sdk/cpp/V5/V5_20240223_11_00_00/vexv5/libv5rt.a(vex_motor.cpp.obj)
                0x0000000003802dfc                vex::motor::setRotationUnits(vex::rotationUnits)
 .text._ZN3vex5motor11setPositionEdNS_13rotationUnitsE
                0x0000000003802e18       0x44 /Users/student/Library/Application Support/Code/User/globalStorage/vexrobotics.vexcode/sdk/cpp/V5/V5_20240223_11_00_00/vexv5/libv5rt.a(vex_motor.cpp.obj)
                0x0000000003802e18                vex::motor::setPosition(double, vex::rotationUnits)
 .text._ZN3vex5motor8positionENS_13rotationUnitsE
                0x0000000003802e5c       0x44 /Users/student/Library/Application Support/Code/User/globalStorage/vexrobotics.vexcode/sdk/cpp/V5/V5_20240223_11_00_00/vexv5/libv5rt.a(vex_motor.cpp.obj)
                0x0000000003802e5c                vex::motor::position(vex::rotationUnits)
 .text._ZN3vex8inertial11getTurnTypeEv
                0x0000000003802ea0        0x8 /Users/student/Library/Application Support/Code/User/globalStorage/vexrobotics.vexcode/sdk/cpp/V5/V5_20240223_11_00_00/vexv5/libv5rt.a(vex_imu.cpp.obj)
                0x0000000003802ea0                vex::inertial::getTurnType()
 .text._ZThn16_N3vex8inertial11getTurnTypeEv
                0x0000000003802ea8        0x8 /Users/student/Library/Application Support/Code/User/globalStorage/vexrobotics.vexcode/sdk/cpp/V5/V5_20240223_11_00_00/vexv5/libv5rt.a(vex_imu.cpp.obj)
                0x0000000003802ea8                non-virtual thunk to vex::inertial::getTurnType()
 .text._ZN3vex8inertial10setHeadingEdNS_13rotationUnitsE
                0x0000000003802eb0       0x58 /Users/student/Library/Application Support/Code/User/globalStorage/vexrobotics.vexcode/sdk/cpp/V5/V5_20240223_11_00_00/vexv5/libv5rt.a(vex_imu.cpp.obj)
                0x0000000003802eb0                vex::inertial::setHeading(double, vex::rotationUnits)
 .text._ZThn16_N3vex8inertial10setHeadingEdNS_13rotationUnitsE
                0x0000000003802f08        0x8 /Users/student/Library/Application Support/Code/User/globalStorage/vexrobotics.vexcode/sdk/cpp/V5/V5_20240223_11_00_00/vexv5/libv5rt.a(vex_imu.cpp.obj)
                0x0000000003802f08                non-virtual thunk to vex::inertial::setHeading(double, vex::rotationUnits)
 .text._ZN3vex8inertial11setRotationEdNS_13rotationUnitsE
                0x0000000003802f10       0x58 /Users/student/Library/Application Support/Code/User/globalStorage/vexrobotics.vexcode/sdk/cpp/V5/V5_20240223_11_00_00/vexv5/libv5rt.a(vex_imu.cpp.obj)
                0x0000000003802f10                vex::inertial::setRotation(double, vex::rotationUnits)
 .text._ZThn16_N3vex8inertial11setRotationEdNS_13rotationUnitsE
                0x0000000003802f68        0x8 /Users/student/Library/Application Support/Code/User/globalStorage/vexrobotics.vexcode/sdk/cpp/V5/V5_20240223_11_00_00/vexv5/libv5rt.a(vex_imu.cpp.obj)
                0x0000000003802f68                non-virtual thunk to vex::inertial::setRotation(double, vex::rotationUnits)
 .text._ZN3vex8inertialD2Ev
                0x0000000003802f70       0x20 /Users/student/Library/Application Support/Code/User/globalStorage/vexrobotics.vexcode/sdk/cpp/V5/V5_20240223_11_00_00/vexv5/libv5rt.a(vex_imu.cpp.obj)
                0x0000000003802f70                vex::inertial::~inertial()
                0x0000000003802f70                vex::inertial::~inertial()
 .text._ZThn16_N3vex8inertialD1Ev
                0x0000000003802f90        0x8 /Users/student/Library/Application Support/Code/User/globalStorage/vexrobotics.vexcode/sdk/cpp/V5/V5_20240223_11_00_00/vexv5/libv5rt.a(vex_imu.cpp.obj)
                0x0000000003802f90                non-virtual thunk to vex::inertial::~inertial()
 .text._ZN3vex8inertialD0Ev
                0x0000000003802f98       0x1c /Users/student/Library/Application Support/Code/User/globalStorage/vexrobotics.vexcode/sdk/cpp/V5/V5_20240223_11_00_00/vexv5/libv5rt.a(vex_imu.cpp.obj)
                0x0000000003802f98                vex::inertial::~inertial()
 .text._ZThn16_N3vex8inertialD0Ev
                0x0000000003802fb4        0x8 /Users/student/Library/Application Support/Code/User/globalStorage/vexrobotics.vexcode/sdk/cpp/V5/V5_20240223_11_00_00/vexv5/libv5rt.a(vex_imu.cpp.obj)
                0x0000000003802fb4                non-virtual thunk to vex::inertial::~inertial()
 .text._ZN3vex8inertial9installedEv
                0x0000000003802fbc       0x18 /Users/student/Library/Application Support/Code/User/globalStorage/vexrobotics.vexcode/sdk/cpp/V5/V5_20240223_11_00_00/vexv5/libv5rt.a(vex_imu.cpp.obj)
                0x0000000003802fbc                vex::inertial::installed()
 .text._ZN3vex8inertial5angleENS_13rotationUnitsE
                0x0000000003802fd4       0x6c /Users/student/Library/Application Support/Code/User/globalStorage/vexrobotics.vexcode/sdk/cpp/V5/V5_20240223_11_00_00/vexv5/libv5rt.a(vex_imu.cpp.obj)
                0x0000000003802fd4                vex::inertial::angle(vex::rotationUnits)
 .text._ZThn16_N3vex8inertial5angleENS_13rotationUnitsE
                0x0000000003803040        0x8 /Users/student/Library/Application Support/Code/User/globalStorage/vexrobotics.vexcode/sdk/cpp/V5/V5_20240223_11_00_00/vexv5/libv5rt.a(vex_imu.cpp.obj)
                0x0000000003803040                non-virtual thunk to vex::inertial::angle(vex::rotationUnits)
 .text._ZN3vex8inertial7headingENS_13rotationUnitsE
                0x0000000003803048        0x4 /Users/student/Library/Application Support/Code/User/globalStorage/vexrobotics.vexcode/sdk/cpp/V5/V5_20240223_11_00_00/vexv5/libv5rt.a(vex_imu.cpp.obj)
                0x0000000003803048                vex::inertial::heading(vex::rotationUnits)
 .text._ZThn16_N3vex8inertial7headingENS_13rotationUnitsE
                0x000000000380304c        0x8 /Users/student/Library/Application Support/Code/User/globalStorage/vexrobotics.vexcode/sdk/cpp/V5/V5_20240223_11_00_00/vexv5/libv5rt.a(vex_imu.cpp.obj)
                0x000000000380304c                non-virtual thunk to vex::inertial::heading(vex::rotationUnits)
 .text._ZN3vex8inertial5valueEv
                0x0000000003803054       0x1c /Users/student/Library/Application Support/Code/User/globalStorage/vexrobotics.vexcode/sdk/cpp/V5/V5_20240223_11_00_00/vexv5/libv5rt.a(vex_imu.cpp.obj)
                0x0000000003803054                vex::inertial::value()
 .text._ZN3vex8inertial8rotationENS_13rotationUnitsE
                0x0000000003803070       0x48 /Users/student/Library/Application Support/Code/User/globalStorage/vexrobotics.vexcode/sdk/cpp/V5/V5_20240223_11_00_00/vexv5/libv5rt.a(vex_imu.cpp.obj)
                0x0000000003803070                vex::inertial::rotation(vex::rotationUnits)
 .text._ZThn16_N3vex8inertial8rotationENS_13rotationUnitsE
                0x00000000038030b8        0x8 /Users/student/Library/Application Support/Code/User/globalStorage/vexrobotics.vexcode/sdk/cpp/V5/V5_20240223_11_00_00/vexv5/libv5rt.a(vex_imu.cpp.obj)
                0x00000000038030b8                non-virtual thunk to vex::inertial::rotation(vex::rotationUnits)
 .text._ZN3vex8inertial13isCalibratingEv
                0x00000000038030c0       0x38 /Users/student/Library/Application Support/Code/User/globalStorage/vexrobotics.vexcode/sdk/cpp/V5/V5_20240223_11_00_00/vexv5/libv5rt.a(vex_imu.cpp.obj)
                0x00000000038030c0                vex::inertial::isCalibrating()
 .text._ZThn16_N3vex8inertial13isCalibratingEv
                0x00000000038030f8        0x8 /Users/student/Library/Application Support/Code/User/globalStorage/vexrobotics.vexcode/sdk/cpp/V5/V5_20240223_11_00_00/vexv5/libv5rt.a(vex_imu.cpp.obj)
                0x00000000038030f8                non-virtual thunk to vex::inertial::isCalibrating()
 .text._ZN3vex8inertialC2ElNS_8turnTypeE
                0x0000000003803100       0x4c /Users/student/Library/Application Support/Code/User/globalStorage/vexrobotics.vexcode/sdk/cpp/V5/V5_20240223_11_00_00/vexv5/libv5rt.a(vex_imu.cpp.obj)
                0x0000000003803100                vex::inertial::inertial(long, vex::turnType)
                0x0000000003803100                vex::inertial::inertial(long, vex::turnType)
 .text._ZN3vex8inertial13resetRotationEv
                0x000000000380314c       0x20 /Users/student/Library/Application Support/Code/User/globalStorage/vexrobotics.vexcode/sdk/cpp/V5/V5_20240223_11_00_00/vexv5/libv5rt.a(vex_imu.cpp.obj)
                0x000000000380314c                vex::inertial::resetRotation()
 .text._ZN3vex8inertial16startCalibrationEl
                0x000000000380316c       0x20 /Users/student/Library/Application Support/Code/User/globalStorage/vexrobotics.vexcode/sdk/cpp/V5/V5_20240223_11_00_00/vexv5/libv5rt.a(vex_imu.cpp.obj)
                0x000000000380316c                vex::inertial::startCalibration(long)
 .text._ZN3vex8inertial9calibrateEl
                0x000000000380318c        0xc /Users/student/Library/Application Support/Code/User/globalStorage/vexrobotics.vexcode/sdk/cpp/V5/V5_20240223_11_00_00/vexv5/libv5rt.a(vex_imu.cpp.obj)
                0x000000000380318c                vex::inertial::calibrate(long)
                0x0000000003803190                non-virtual thunk to vex::inertial::calibrate(long)
 .text._ZN3vex8rotationD2Ev
                0x0000000003803198       0x20 /Users/student/Library/Application Support/Code/User/globalStorage/vexrobotics.vexcode/sdk/cpp/V5/V5_20240223_11_00_00/vexv5/libv5rt.a(vex_rotation.cpp.obj)
                0x0000000003803198                vex::rotation::~rotation()
                0x0000000003803198                vex::rotation::~rotation()
 .text._ZN3vex8rotationD0Ev
                0x00000000038031b8       0x1c /Users/student/Library/Application Support/Code/User/globalStorage/vexrobotics.vexcode/sdk/cpp/V5/V5_20240223_11_00_00/vexv5/libv5rt.a(vex_rotation.cpp.obj)
                0x00000000038031b8                vex::rotation::~rotation()
 .text._ZN3vex8rotation9installedEv
                0x00000000038031d4       0x18 /Users/student/Library/Application Support/Code/User/globalStorage/vexrobotics.vexcode/sdk/cpp/V5/V5_20240223_11_00_00/vexv5/libv5rt.a(vex_rotation.cpp.obj)
                0x00000000038031d4                vex::rotation::installed()
 .text._ZN3vex8rotation5valueEv
                0x00000000038031ec        0x8 /Users/student/Library/Application Support/Code/User/globalStorage/vexrobotics.vexcode/sdk/cpp/V5/V5_20240223_11_00_00/vexv5/libv5rt.a(vex_rotation.cpp.obj)
                0x00000000038031ec                vex::rotation::value()
 .text._ZN3vex8rotationC2Elb
                0x00000000038031f4       0x30 /Users/student/Library/Application Support/Code/User/globalStorage/vexrobotics.vexcode/sdk/cpp/V5/V5_20240223_11_00_00/vexv5/libv5rt.a(vex_rotation.cpp.obj)
                0x00000000038031f4                vex::rotation::rotation(long, bool)
                0x00000000038031f4                vex::rotation::rotation(long, bool)
 .text._ZN3vex7opticalD2Ev
                0x0000000003803224       0x20 /Users/student/Library/Application Support/Code/User/globalStorage/vexrobotics.vexcode/sdk/cpp/V5/V5_20240223_11_00_00/vexv5/libv5rt.a(vex_optical.cpp.obj)
                0x0000000003803224                vex::optical::~optical()
                0x0000000003803224                vex::optical::~optical()
 .text._ZN3vex7opticalD0Ev
                0x0000000003803244       0x1c /Users/student/Library/Application Support/Code/User/globalStorage/vexrobotics.vexcode/sdk/cpp/V5/V5_20240223_11_00_00/vexv5/libv5rt.a(vex_optical.cpp.obj)
                0x0000000003803244                vex::optical::~optical()
 .text._ZN3vex7optical9installedEv
                0x0000000003803260       0x18 /Users/student/Library/Application Support/Code/User/globalStorage/vexrobotics.vexcode/sdk/cpp/V5/V5_20240223_11_00_00/vexv5/libv5rt.a(vex_optical.cpp.obj)
                0x0000000003803260                vex::optical::installed()
 .text._ZN3vex7optical3hueEv
                0x0000000003803278        0x8 /Users/student/Library/Application Support/Code/User/globalStorage/vexrobotics.vexcode/sdk/cpp/V5/V5_20240223_11_00_00/vexv5/libv5rt.a(vex_optical.cpp.obj)
                0x0000000003803278                vex::optical::hue()
 .text._ZN3vex7optical5valueEv
                0x0000000003803280       0x18 /Users/student/Library/Application Support/Code/User/globalStorage/vexrobotics.vexcode/sdk/cpp/V5/V5_20240223_11_00_00/vexv5/libv5rt.a(vex_optical.cpp.obj)
                0x0000000003803280                vex::optical::value()
 .text._ZN3vex7optical5colorEv
                0x0000000003803298       0xd0 /Users/student/Library/Application Support/Code/User/globalStorage/vexrobotics.vexcode/sdk/cpp/V5/V5_20240223_11_00_00/vexv5/libv5rt.a(vex_optical.cpp.obj)
                0x0000000003803298                vex::optical::color()
 .text._ZN3vex7optical13gestureEnableEv
                0x0000000003803368        0x8 /Users/student/Library/Application Support/Code/User/globalStorage/vexrobotics.vexcode/sdk/cpp/V5/V5_20240223_11_00_00/vexv5/libv5rt.a(vex_optical.cpp.obj)
                0x0000000003803368                vex::optical::gestureEnable()
 .text._ZN3vex7optical14gestureDisableEv
                0x0000000003803370        0x8 /Users/student/Library/Application Support/Code/User/globalStorage/vexrobotics.vexcode/sdk/cpp/V5/V5_20240223_11_00_00/vexv5/libv5rt.a(vex_optical.cpp.obj)
                0x0000000003803370                vex::optical::gestureDisable()
 .text._ZN3vex7opticalC2Elb
                0x0000000003803378       0x54 /Users/student/Library/Application Support/Code/User/globalStorage/vexrobotics.vexcode/sdk/cpp/V5/V5_20240223_11_00_00/vexv5/libv5rt.a(vex_optical.cpp.obj)
                0x0000000003803378                vex::optical::optical(long, bool)
                0x0000000003803378                vex::optical::optical(long, bool)
 .text._ZN3vex10controllerD2Ev
                0x00000000038033cc        0x4 /Users/student/Library/Application Support/Code/User/globalStorage/vexrobotics.vexcode/sdk/cpp/V5/V5_20240223_11_00_00/vexv5/libv5rt.a(vex_controller.cpp.obj)
                0x00000000038033cc                vex::controller::~controller()
                0x00000000038033cc                vex::controller::~controller()
 .text._ZN3vex10controller5valueE19_V5_ControllerIndex
                0x00000000038033d0        0x8 /Users/student/Library/Application Support/Code/User/globalStorage/vexrobotics.vexcode/sdk/cpp/V5/V5_20240223_11_00_00/vexv5/libv5rt.a(vex_controller.cpp.obj)
                0x00000000038033d0                vex::controller::value(_V5_ControllerIndex)
 .text._ZNK3vex10controller6button8pressingEv
                0x00000000038033d8       0xc8 /Users/student/Library/Application Support/Code/User/globalStorage/vexrobotics.vexcode/sdk/cpp/V5/V5_20240223_11_00_00/vexv5/libv5rt.a(vex_controller.cpp.obj)
                0x00000000038033d8                vex::controller::button::pressing() const
 .text._ZNK3vex10controller6button7pressedEPFvvE
                0x00000000038034a0      0x108 /Users/student/Library/Application Support/Code/User/globalStorage/vexrobotics.vexcode/sdk/cpp/V5/V5_20240223_11_00_00/vexv5/libv5rt.a(vex_controller.cpp.obj)
                0x00000000038034a0                vex::controller::button::pressed(void (*)()) const
 .text._ZNK3vex10controller6button21_buttonToPressedEventEv
                0x00000000038035a8       0x20 /Users/student/Library/Application Support/Code/User/globalStorage/vexrobotics.vexcode/sdk/cpp/V5/V5_20240223_11_00_00/vexv5/libv5rt.a(vex_controller.cpp.obj)
                0x00000000038035a8                vex::controller::button::_buttonToPressedEvent() const
 .text._ZNK3vex10controller6button22_buttonToReleasedEventEv
                0x00000000038035c8       0x20 /Users/student/Library/Application Support/Code/User/globalStorage/vexrobotics.vexcode/sdk/cpp/V5/V5_20240223_11_00_00/vexv5/libv5rt.a(vex_controller.cpp.obj)
                0x00000000038035c8                vex::controller::button::_buttonToReleasedEvent() const
 .text._ZN3vex10controller6buttonC2ENS0_11tButtonTypeEPS0_
                0x00000000038035e8       0x48 /Users/student/Library/Application Support/Code/User/globalStorage/vexrobotics.vexcode/sdk/cpp/V5/V5_20240223_11_00_00/vexv5/libv5rt.a(vex_controller.cpp.obj)
                0x00000000038035e8                vex::controller::button::button(vex::controller::tButtonType, vex::controller*)
                0x00000000038035e8                vex::controller::button::button(vex::controller::tButtonType, vex::controller*)
 .text._ZNK3vex10controller4axis5valueEv
                0x0000000003803630       0x58 /Users/student/Library/Application Support/Code/User/globalStorage/vexrobotics.vexcode/sdk/cpp/V5/V5_20240223_11_00_00/vexv5/libv5rt.a(vex_controller.cpp.obj)
                0x0000000003803630                vex::controller::axis::value() const
 .text._ZNK3vex10controller4axis8positionENS_12percentUnitsE
                0x0000000003803688       0x1c /Users/student/Library/Application Support/Code/User/globalStorage/vexrobotics.vexcode/sdk/cpp/V5/V5_20240223_11_00_00/vexv5/libv5rt.a(vex_controller.cpp.obj)
                0x0000000003803688                vex::controller::axis::position(vex::percentUnits) const
 .text._ZNK3vex10controller4axis23_joystickToChangedEventEv
                0x00000000038036a4       0x20 /Users/student/Library/Application Support/Code/User/globalStorage/vexrobotics.vexcode/sdk/cpp/V5/V5_20240223_11_00_00/vexv5/libv5rt.a(vex_controller.cpp.obj)
                0x00000000038036a4                vex::controller::axis::_joystickToChangedEvent() const
 .text._ZN3vex10controller4axisC2ENS0_9tAxisTypeEPS0_
                0x00000000038036c4       0x2c /Users/student/Library/Application Support/Code/User/globalStorage/vexrobotics.vexcode/sdk/cpp/V5/V5_20240223_11_00_00/vexv5/libv5rt.a(vex_controller.cpp.obj)
                0x00000000038036c4                vex::controller::axis::axis(vex::controller::tAxisType, vex::controller*)
                0x00000000038036c4                vex::controller::axis::axis(vex::controller::tAxisType, vex::controller*)
 .text._ZN3vex10controllerC2Ev
                0x00000000038036f0      0x164 /Users/student/Library/Application Support/Code/User/globalStorage/vexrobotics.vexcode/sdk/cpp/V5/V5_20240223_11_00_00/vexv5/libv5rt.a(vex_controller.cpp.obj)
                0x00000000038036f0                vex::controller::controller()
                0x00000000038036f0                vex::controller::controller()
 .text._ZN3vex10controller3lcd15getControllerIdEv
                0x0000000003803854       0x10 /Users/student/Library/Application Support/Code/User/globalStorage/vexrobotics.vexcode/sdk/cpp/V5/V5_20240223_11_00_00/vexv5/libv5rt.a(vex_controller.cpp.obj)
                0x0000000003803854                vex::controller::lcd::getControllerId()
 .text._ZN3vex10controller3lcd5printEPKcz
                0x0000000003803864       0x80 /Users/student/Library/Application Support/Code/User/globalStorage/vexrobotics.vexcode/sdk/cpp/V5/V5_20240223_11_00_00/vexv5/libv5rt.a(vex_controller.cpp.obj)
                0x0000000003803864                vex::controller::lcd::print(char const*, ...)
 .text._ZN3vex10controller3lcd9clearLineEi
                0x00000000038038e4       0x80 /Users/student/Library/Application Support/Code/User/globalStorage/vexrobotics.vexcode/sdk/cpp/V5/V5_20240223_11_00_00/vexv5/libv5rt.a(vex_controller.cpp.obj)
                0x00000000038038e4                vex::controller::lcd::clearLine(int)
 .text._ZN3vex10controller3lcd9clearLineEv
                0x0000000003803964        0x8 /Users/student/Library/Application Support/Code/User/globalStorage/vexrobotics.vexcode/sdk/cpp/V5/V5_20240223_11_00_00/vexv5/libv5rt.a(vex_controller.cpp.obj)
                0x0000000003803964                vex::controller::lcd::clearLine()
 .text._ZN3vex10controller3lcd7newLineEv
                0x000000000380396c       0x20 /Users/student/Library/Application Support/Code/User/globalStorage/vexrobotics.vexcode/sdk/cpp/V5/V5_20240223_11_00_00/vexv5/libv5rt.a(vex_controller.cpp.obj)
                0x000000000380396c                vex::controller::lcd::newLine()
 .text._ZN3vex11this_thread9sleep_forEm
                0x000000000380398c        0x4 /Users/student/Library/Application Support/Code/User/globalStorage/vexrobotics.vexcode/sdk/cpp/V5/V5_20240223_11_00_00/vexv5/libv5rt.a(vex_thread.cpp.obj)
                0x000000000380398c                vex::this_thread::sleep_for(unsigned long)
 .text._ZN3vex5event4initEmmPFvvE
                0x0000000003803990        0x4 /Users/student/Library/Application Support/Code/User/globalStorage/vexrobotics.vexcode/sdk/cpp/V5/V5_20240223_11_00_00/vexv5/libv5rt.a(vex_event.cpp.obj)
                0x0000000003803990                vex::event::init(unsigned long, unsigned long, void (*)())
 .text._ZN3vex5event4initEmmPFvPvES1_
                0x0000000003803994        0x4 /Users/student/Library/Application Support/Code/User/globalStorage/vexrobotics.vexcode/sdk/cpp/V5/V5_20240223_11_00_00/vexv5/libv5rt.a(vex_event.cpp.obj)
                0x0000000003803994                vex::event::init(unsigned long, unsigned long, void (*)(void*), void*)
 .text._ZN3vex5event9userindexEv
                0x0000000003803998        0x4 /Users/student/Library/Application Support/Code/User/globalStorage/vexrobotics.vexcode/sdk/cpp/V5/V5_20240223_11_00_00/vexv5/libv5rt.a(vex_event.cpp.obj)
                0x0000000003803998                vex::event::userindex()
 .text._ZZN3vex6meventC4EmmENUlvE_4_FUNEv
                0x000000000380399c        0x4 /Users/student/Library/Application Support/Code/User/globalStorage/vexrobotics.vexcode/sdk/cpp/V5/V5_20240223_11_00_00/vexv5/libv5rt.a(vex_mevent.cpp.obj)
 .text._ZN3vex6meventC2Emm
                0x00000000038039a0       0x70 /Users/student/Library/Application Support/Code/User/globalStorage/vexrobotics.vexcode/sdk/cpp/V5/V5_20240223_11_00_00/vexv5/libv5rt.a(vex_mevent.cpp.obj)
                0x00000000038039a0                vex::mevent::mevent(unsigned long, unsigned long)
                0x00000000038039a0                vex::mevent::mevent(unsigned long, unsigned long)
 .text._ZL9_hexDigitc
                0x0000000003803a10       0x48 /Users/student/Library/Application Support/Code/User/globalStorage/vexrobotics.vexcode/sdk/cpp/V5/V5_20240223_11_00_00/vexv5/libv5rt.a(vex_brain.cpp.obj)
 .text._ZN3vex5brain9_getIndexEv
                0x0000000003803a58       0x10 /Users/student/Library/Application Support/Code/User/globalStorage/vexrobotics.vexcode/sdk/cpp/V5/V5_20240223_11_00_00/vexv5/libv5rt.a(vex_brain.cpp.obj)
                0x0000000003803a58                vex::brain::_getIndex()
 .text._ZN3vex5brain3lcd9setCursorEll
                0x0000000003803a68       0x44 /Users/student/Library/Application Support/Code/User/globalStorage/vexrobotics.vexcode/sdk/cpp/V5/V5_20240223_11_00_00/vexv5/libv5rt.a(vex_brain.cpp.obj)
                0x0000000003803a68                vex::brain::lcd::setCursor(long, long)
 .text._ZN3vex5brain3lcd7setFontENS_8fontTypeE
                0x0000000003803aac      0x23c /Users/student/Library/Application Support/Code/User/globalStorage/vexrobotics.vexcode/sdk/cpp/V5/V5_20240223_11_00_00/vexv5/libv5rt.a(vex_brain.cpp.obj)
                0x0000000003803aac                vex::brain::lcd::setFont(vex::fontType)
 .text._ZN3vex5brain3lcdC2Ev
                0x0000000003803ce8       0x94 /Users/student/Library/Application Support/Code/User/globalStorage/vexrobotics.vexcode/sdk/cpp/V5/V5_20240223_11_00_00/vexv5/libv5rt.a(vex_brain.cpp.obj)
                0x0000000003803ce8                vex::brain::lcd::lcd()
                0x0000000003803ce8                vex::brain::lcd::lcd()
 .text._ZN3vex5brainC2Ev
                0x0000000003803d7c       0x3c /Users/student/Library/Application Support/Code/User/globalStorage/vexrobotics.vexcode/sdk/cpp/V5/V5_20240223_11_00_00/vexv5/libv5rt.a(vex_brain.cpp.obj)
                0x0000000003803d7c                vex::brain::brain()
                0x0000000003803d7c                vex::brain::brain()
 .text._ZN3vex5brain3lcd11setPenColorERKNS_5colorE
                0x0000000003803db8       0x14 /Users/student/Library/Application Support/Code/User/globalStorage/vexrobotics.vexcode/sdk/cpp/V5/V5_20240223_11_00_00/vexv5/libv5rt.a(vex_brain.cpp.obj)
                0x0000000003803db8                vex::brain::lcd::setPenColor(vex::color const&)
 .text._ZN3vex5brain3lcd9drawPixelEii
                0x0000000003803dcc       0x14 /Users/student/Library/Application Support/Code/User/globalStorage/vexrobotics.vexcode/sdk/cpp/V5/V5_20240223_11_00_00/vexv5/libv5rt.a(vex_brain.cpp.obj)
                0x0000000003803dcc                vex::brain::lcd::drawPixel(int, int)
 .text._ZN3vex5brain3lcd7newLineEv
                0x0000000003803de0       0x20 /Users/student/Library/Application Support/Code/User/globalStorage/vexrobotics.vexcode/sdk/cpp/V5/V5_20240223_11_00_00/vexv5/libv5rt.a(vex_brain.cpp.obj)
                0x0000000003803de0                vex::brain::lcd::newLine()
 .text._ZN3vex5brain3lcd10rowToPixelEl
                0x0000000003803e00       0x34 /Users/student/Library/Application Support/Code/User/globalStorage/vexrobotics.vexcode/sdk/cpp/V5/V5_20240223_11_00_00/vexv5/libv5rt.a(vex_brain.cpp.obj)
                0x0000000003803e00                vex::brain::lcd::rowToPixel(long)
 .text._ZN3vex5brain3lcd5printEPKcz
                0x0000000003803e34       0xb8 /Users/student/Library/Application Support/Code/User/globalStorage/vexrobotics.vexcode/sdk/cpp/V5/V5_20240223_11_00_00/vexv5/libv5rt.a(vex_brain.cpp.obj)
                0x0000000003803e34                vex::brain::lcd::print(char const*, ...)
 .text._ZN3vex5brain3lcd13webColorToRgbEPKc
                0x0000000003803eec       0x9c /Users/student/Library/Application Support/Code/User/globalStorage/vexrobotics.vexcode/sdk/cpp/V5/V5_20240223_11_00_00/vexv5/libv5rt.a(vex_brain.cpp.obj)
                0x0000000003803eec                vex::brain::lcd::webColorToRgb(char const*)
 .text._ZN3vex5brain3lcd11setPenColorEPKc
                0x0000000003803f88       0x10 /Users/student/Library/Application Support/Code/User/globalStorage/vexrobotics.vexcode/sdk/cpp/V5/V5_20240223_11_00_00/vexv5/libv5rt.a(vex_brain.cpp.obj)
                0x0000000003803f88                vex::brain::lcd::setPenColor(char const*)
 .text._ZN3vex5brainD2Ev
                0x0000000003803f98       0x20 /Users/student/Library/Application Support/Code/User/globalStorage/vexrobotics.vexcode/sdk/cpp/V5/V5_20240223_11_00_00/vexv5/libv5rt.a(vex_brain.cpp.obj)
                0x0000000003803f98                vex::brain::~brain()
                0x0000000003803f98                vex::brain::~brain()
 .text._ZN3vex11competition8_disableEPv
                0x0000000003803fb8       0xa4 /Users/student/Library/Application Support/Code/User/globalStorage/vexrobotics.vexcode/sdk/cpp/V5/V5_20240223_11_00_00/vexv5/libv5rt.a(vex_competition.cpp.obj)
                0x0000000003803fb8                vex::competition::_disable(void*)
 .text._ZN3vex11competition11_autonomousEv
                0x000000000380405c       0x80 /Users/student/Library/Application Support/Code/User/globalStorage/vexrobotics.vexcode/sdk/cpp/V5/V5_20240223_11_00_00/vexv5/libv5rt.a(vex_competition.cpp.obj)
                0x000000000380405c                vex::competition::_autonomous()
 .text._ZN3vex11competition14_drivercontrolEv
                0x00000000038040dc       0x80 /Users/student/Library/Application Support/Code/User/globalStorage/vexrobotics.vexcode/sdk/cpp/V5/V5_20240223_11_00_00/vexv5/libv5rt.a(vex_competition.cpp.obj)
                0x00000000038040dc                vex::competition::_drivercontrol()
 .text._ZN3vex11competitionC2Ev
                0x000000000380415c      0x13c /Users/student/Library/Application Support/Code/User/globalStorage/vexrobotics.vexcode/sdk/cpp/V5/V5_20240223_11_00_00/vexv5/libv5rt.a(vex_competition.cpp.obj)
                0x000000000380415c                vex::competition::competition()
                0x000000000380415c                vex::competition::competition()
 .text._ZN3vex11competitionD2Ev
                0x0000000003804298        0x4 /Users/student/Library/Application Support/Code/User/globalStorage/vexrobotics.vexcode/sdk/cpp/V5/V5_20240223_11_00_00/vexv5/libv5rt.a(vex_competition.cpp.obj)
                0x0000000003804298                vex::competition::~competition()
                0x0000000003804298                vex::competition::~competition()
 .text._ZN3vex11competition10autonomousEPFvvE
                0x000000000380429c       0x44 /Users/student/Library/Application Support/Code/User/globalStorage/vexrobotics.vexcode/sdk/cpp/V5/V5_20240223_11_00_00/vexv5/libv5rt.a(vex_competition.cpp.obj)
                0x000000000380429c                vex::competition::autonomous(void (*)())
 .text._ZN3vex11competition13drivercontrolEPFvvE
                0x00000000038042e0       0x44 /Users/student/Library/Application Support/Code/User/globalStorage/vexrobotics.vexcode/sdk/cpp/V5/V5_20240223_11_00_00/vexv5/libv5rt.a(vex_competition.cpp.obj)
                0x00000000038042e0                vex::competition::drivercontrol(void (*)())
 .text._ZN3vex7triportD2Ev
                0x0000000003804324       0x38 /Users/student/Library/Application Support/Code/User/globalStorage/vexrobotics.vexcode/sdk/cpp/V5/V5_20240223_11_00_00/vexv5/libv5rt.a(vex_triport.cpp.obj)
                0x0000000003804324                vex::triport::~triport()
                0x0000000003804324                vex::triport::~triport()
 .text._ZN3vex7triportD0Ev
                0x000000000380435c       0x1c /Users/student/Library/Application Support/Code/User/globalStorage/vexrobotics.vexcode/sdk/cpp/V5/V5_20240223_11_00_00/vexv5/libv5rt.a(vex_triport.cpp.obj)
                0x000000000380435c                vex::triport::~triport()
 .text._ZN3vex7triport9installedEv
                0x0000000003804378       0x18 /Users/student/Library/Application Support/Code/User/globalStorage/vexrobotics.vexcode/sdk/cpp/V5/V5_20240223_11_00_00/vexv5/libv5rt.a(vex_triport.cpp.obj)
                0x0000000003804378                vex::triport::installed()
 .text._ZN3vex7triport4portC2ElPS0_
                0x0000000003804390       0x74 /Users/student/Library/Application Support/Code/User/globalStorage/vexrobotics.vexcode/sdk/cpp/V5/V5_20240223_11_00_00/vexv5/libv5rt.a(vex_triport.cpp.obj)
                0x0000000003804390                vex::triport::port::port(long, vex::triport*)
                0x0000000003804390                vex::triport::port::port(long, vex::triport*)
 .text._ZN3vex7triportC2El
                0x0000000003804404       0xf0 /Users/student/Library/Application Support/Code/User/globalStorage/vexrobotics.vexcode/sdk/cpp/V5/V5_20240223_11_00_00/vexv5/libv5rt.a(vex_triport.cpp.obj)
                0x0000000003804404                vex::triport::triport(long)
                0x0000000003804404                vex::triport::triport(long)
 .text._ZN3vex7triport4port4typeENS_11triportTypeE
                0x00000000038044f4       0x30 /Users/student/Library/Application Support/Code/User/globalStorage/vexrobotics.vexcode/sdk/cpp/V5/V5_20240223_11_00_00/vexv5/libv5rt.a(vex_triport.cpp.obj)
                0x00000000038044f4                vex::triport::port::type(vex::triportType)
 .text._ZN3vex7triport4port4typeEv
                0x0000000003804524       0x38 /Users/student/Library/Application Support/Code/User/globalStorage/vexrobotics.vexcode/sdk/cpp/V5/V5_20240223_11_00_00/vexv5/libv5rt.a(vex_triport.cpp.obj)
                0x0000000003804524                vex::triport::port::type()
 .text._ZN3vex7triport4port5valueEv
                0x000000000380455c       0x14 /Users/student/Library/Application Support/Code/User/globalStorage/vexrobotics.vexcode/sdk/cpp/V5/V5_20240223_11_00_00/vexv5/libv5rt.a(vex_triport.cpp.obj)
                0x000000000380455c                vex::triport::port::value()
 .text._ZN3vex7triport4port5valueEl
                0x0000000003804570       0x18 /Users/student/Library/Application Support/Code/User/globalStorage/vexrobotics.vexcode/sdk/cpp/V5/V5_20240223_11_00_00/vexv5/libv5rt.a(vex_triport.cpp.obj)
                0x0000000003804570                vex::triport::port::value(long)
 .text._ZN3vex11__trideviceC2ERNS_7triport4portENS_11triportTypeE
                0x0000000003804588       0x5c /Users/student/Library/Application Support/Code/User/globalStorage/vexrobotics.vexcode/sdk/cpp/V5/V5_20240223_11_00_00/vexv5/libv5rt.a(vex_triport.cpp.obj)
                0x0000000003804588                vex::__tridevice::__tridevice(vex::triport::port&, vex::triportType)
                0x0000000003804588                vex::__tridevice::__tridevice(vex::triport::port&, vex::triportType)
 .text._ZN3vex11digital_outC2ERNS_7triport4portE
                0x00000000038045e4       0x18 /Users/student/Library/Application Support/Code/User/globalStorage/vexrobotics.vexcode/sdk/cpp/V5/V5_20240223_11_00_00/vexv5/libv5rt.a(vex_triport.cpp.obj)
                0x00000000038045e4                vex::digital_out::digital_out(vex::triport::port&)
                0x00000000038045e4                vex::digital_out::digital_out(vex::triport::port&)
 .text._ZN3vex11digital_outD2Ev
                0x00000000038045fc        0x4 /Users/student/Library/Application Support/Code/User/globalStorage/vexrobotics.vexcode/sdk/cpp/V5/V5_20240223_11_00_00/vexv5/libv5rt.a(vex_triport.cpp.obj)
                0x00000000038045fc                vex::digital_out::~digital_out()
                0x00000000038045fc                vex::digital_out::~digital_out()
 .text._ZN3vex11digital_out5valueEv
                0x0000000003804600        0x8 /Users/student/Library/Application Support/Code/User/globalStorage/vexrobotics.vexcode/sdk/cpp/V5/V5_20240223_11_00_00/vexv5/libv5rt.a(vex_triport.cpp.obj)
                0x0000000003804600                vex::digital_out::value()
 .text._ZN3vex11digital_out3setEb
                0x0000000003804608        0x8 /Users/student/Library/Application Support/Code/User/globalStorage/vexrobotics.vexcode/sdk/cpp/V5/V5_20240223_11_00_00/vexv5/libv5rt.a(vex_triport.cpp.obj)
                0x0000000003804608                vex::digital_out::set(bool)
 .text._ZN3vex5colorD2Ev
                0x0000000003804610        0x4 /Users/student/Library/Application Support/Code/User/globalStorage/vexrobotics.vexcode/sdk/cpp/V5/V5_20240223_11_00_00/vexv5/libv5rt.a(vex_color.cpp.obj)
                0x0000000003804610                vex::color::~color()
                0x0000000003804610                vex::color::~color()
 .text._ZN3vex5colorC2Ev
                0x0000000003804614       0x10 /Users/student/Library/Application Support/Code/User/globalStorage/vexrobotics.vexcode/sdk/cpp/V5/V5_20240223_11_00_00/vexv5/libv5rt.a(vex_color.cpp.obj)
                0x0000000003804614                vex::color::color()
                0x0000000003804614                vex::color::color()
 .text._ZNK3vex5colorcvmEv
                0x0000000003804624        0x8 /Users/student/Library/Application Support/Code/User/globalStorage/vexrobotics.vexcode/sdk/cpp/V5/V5_20240223_11_00_00/vexv5/libv5rt.a(vex_color.cpp.obj)
                0x0000000003804624                vex::color::operator unsigned long() const
 *fill*         0x000000000380462c        0x4 
 .text._ZN3vex5color3hsvEmdd
                0x0000000003804630      0x13c /Users/student/Library/Application Support/Code/User/globalStorage/vexrobotics.vexcode/sdk/cpp/V5/V5_20240223_11_00_00/vexv5/libv5rt.a(vex_color.cpp.obj)
                0x0000000003804630                vex::color::hsv(unsigned long, double, double)
 .text.startup._GLOBAL__sub_I__ZN3vex5color5blackE
                0x000000000380476c      0x164 /Users/student/Library/Application Support/Code/User/globalStorage/vexrobotics.vexcode/sdk/cpp/V5/V5_20240223_11_00_00/vexv5/libv5rt.a(vex_color.cpp.obj)
 .text._ZN3vex5timerD2Ev
                0x00000000038048d0        0x4 /Users/student/Library/Application Support/Code/User/globalStorage/vexrobotics.vexcode/sdk/cpp/V5/V5_20240223_11_00_00/vexv5/libv5rt.a(vex_timer.cpp.obj)
                0x00000000038048d0                vex::timer::~timer()
                0x00000000038048d0                vex::timer::~timer()
 .text._ZN3vex5timer5clearEv
                0x00000000038048d4       0x1c /Users/student/Library/Application Support/Code/User/globalStorage/vexrobotics.vexcode/sdk/cpp/V5/V5_20240223_11_00_00/vexv5/libv5rt.a(vex_timer.cpp.obj)
                0x00000000038048d4                vex::timer::clear()
 .text._ZN3vex5timerC2Ev
                0x00000000038048f0       0x14 /Users/student/Library/Application Support/Code/User/globalStorage/vexrobotics.vexcode/sdk/cpp/V5/V5_20240223_11_00_00/vexv5/libv5rt.a(vex_timer.cpp.obj)
                0x00000000038048f0                vex::timer::timer()
                0x00000000038048f0                vex::timer::timer()
 *fill*         0x0000000003804904        0x4 
 .text._ZNK3vex5timer4timeENS_9timeUnitsE
                0x0000000003804908       0x40 /Users/student/Library/Application Support/Code/User/globalStorage/vexrobotics.vexcode/sdk/cpp/V5/V5_20240223_11_00_00/vexv5/libv5rt.a(vex_timer.cpp.obj)
                0x0000000003804908                vex::timer::time(vex::timeUnits) const
 .text.vexAdiPortConfigSet
                0x0000000003804948       0x28 /Users/student/Library/Application Support/Code/User/globalStorage/vexrobotics.vexcode/sdk/cpp/V5/V5_20240223_11_00_00/vexv5/libv5rt.a(v5_apiuser.c.obj)
                0x0000000003804948                vexAdiPortConfigSet
 .text.vexAdiPortConfigGet
                0x0000000003804970       0x28 /Users/student/Library/Application Support/Code/User/globalStorage/vexrobotics.vexcode/sdk/cpp/V5/V5_20240223_11_00_00/vexv5/libv5rt.a(v5_apiuser.c.obj)
                0x0000000003804970                vexAdiPortConfigGet
 .text.vexAdiValueSet
                0x0000000003804998       0x28 /Users/student/Library/Application Support/Code/User/globalStorage/vexrobotics.vexcode/sdk/cpp/V5/V5_20240223_11_00_00/vexv5/libv5rt.a(v5_apiuser.c.obj)
                0x0000000003804998                vexAdiValueSet
 .text.vexAdiValueGet
                0x00000000038049c0       0x20 /Users/student/Library/Application Support/Code/User/globalStorage/vexrobotics.vexcode/sdk/cpp/V5/V5_20240223_11_00_00/vexv5/libv5rt.a(v5_apiuser.c.obj)
                0x00000000038049c0                vexAdiValueGet
 .text.vexMotorVelocitySet
                0x00000000038049e0       0x20 /Users/student/Library/Application Support/Code/User/globalStorage/vexrobotics.vexcode/sdk/cpp/V5/V5_20240223_11_00_00/vexv5/libv5rt.a(v5_apiuser.c.obj)
                0x00000000038049e0                vexMotorVelocitySet
 .text.vexMotorVoltageSet
                0x0000000003804a00       0x20 /Users/student/Library/Application Support/Code/User/globalStorage/vexrobotics.vexcode/sdk/cpp/V5/V5_20240223_11_00_00/vexv5/libv5rt.a(v5_apiuser.c.obj)
                0x0000000003804a00                vexMotorVoltageSet
 .text.vexMotorActualVelocityGet
                0x0000000003804a20       0x24 /Users/student/Library/Application Support/Code/User/globalStorage/vexrobotics.vexcode/sdk/cpp/V5/V5_20240223_11_00_00/vexv5/libv5rt.a(v5_apiuser.c.obj)
                0x0000000003804a20                vexMotorActualVelocityGet
 .text.vexMotorCurrentLimitSet
                0x0000000003804a44       0x20 /Users/student/Library/Application Support/Code/User/globalStorage/vexrobotics.vexcode/sdk/cpp/V5/V5_20240223_11_00_00/vexv5/libv5rt.a(v5_apiuser.c.obj)
                0x0000000003804a44                vexMotorCurrentLimitSet
 .text.vexMotorTemperatureGet
                0x0000000003804a64       0x24 /Users/student/Library/Application Support/Code/User/globalStorage/vexrobotics.vexcode/sdk/cpp/V5/V5_20240223_11_00_00/vexv5/libv5rt.a(v5_apiuser.c.obj)
                0x0000000003804a64                vexMotorTemperatureGet
 .text.vexMotorReverseFlagSet
                0x0000000003804a88       0x20 /Users/student/Library/Application Support/Code/User/globalStorage/vexrobotics.vexcode/sdk/cpp/V5/V5_20240223_11_00_00/vexv5/libv5rt.a(v5_apiuser.c.obj)
                0x0000000003804a88                vexMotorReverseFlagSet
 .text.vexMotorEncoderUnitsSet
                0x0000000003804aa8       0x20 /Users/student/Library/Application Support/Code/User/globalStorage/vexrobotics.vexcode/sdk/cpp/V5/V5_20240223_11_00_00/vexv5/libv5rt.a(v5_apiuser.c.obj)
                0x0000000003804aa8                vexMotorEncoderUnitsSet
 .text.vexMotorBrakeModeSet
                0x0000000003804ac8       0x20 /Users/student/Library/Application Support/Code/User/globalStorage/vexrobotics.vexcode/sdk/cpp/V5/V5_20240223_11_00_00/vexv5/libv5rt.a(v5_apiuser.c.obj)
                0x0000000003804ac8                vexMotorBrakeModeSet
 .text.vexMotorPositionSet
                0x0000000003804ae8       0x28 /Users/student/Library/Application Support/Code/User/globalStorage/vexrobotics.vexcode/sdk/cpp/V5/V5_20240223_11_00_00/vexv5/libv5rt.a(v5_apiuser.c.obj)
                0x0000000003804ae8                vexMotorPositionSet
 .text.vexMotorPositionGet
                0x0000000003804b10       0x24 /Users/student/Library/Application Support/Code/User/globalStorage/vexrobotics.vexcode/sdk/cpp/V5/V5_20240223_11_00_00/vexv5/libv5rt.a(v5_apiuser.c.obj)
                0x0000000003804b10                vexMotorPositionGet
 .text.vexMotorGearingSet
                0x0000000003804b34       0x20 /Users/student/Library/Application Support/Code/User/globalStorage/vexrobotics.vexcode/sdk/cpp/V5/V5_20240223_11_00_00/vexv5/libv5rt.a(v5_apiuser.c.obj)
                0x0000000003804b34                vexMotorGearingSet
 .text.vexMotorGearingGet
                0x0000000003804b54       0x18 /Users/student/Library/Application Support/Code/User/globalStorage/vexrobotics.vexcode/sdk/cpp/V5/V5_20240223_11_00_00/vexv5/libv5rt.a(v5_apiuser.c.obj)
                0x0000000003804b54                vexMotorGearingGet
 .text.vexImuReset
                0x0000000003804b6c       0x10 /Users/student/Library/Application Support/Code/User/globalStorage/vexrobotics.vexcode/sdk/cpp/V5/V5_20240223_11_00_00/vexv5/libv5rt.a(v5_apiuser.c.obj)
                0x0000000003804b6c                vexImuReset
 .text.vexImuHeadingGet
                0x0000000003804b7c       0x10 /Users/student/Library/Application Support/Code/User/globalStorage/vexrobotics.vexcode/sdk/cpp/V5/V5_20240223_11_00_00/vexv5/libv5rt.a(v5_apiuser.c.obj)
                0x0000000003804b7c                vexImuHeadingGet
 .text.vexImuDegreesGet
                0x0000000003804b8c       0x10 /Users/student/Library/Application Support/Code/User/globalStorage/vexrobotics.vexcode/sdk/cpp/V5/V5_20240223_11_00_00/vexv5/libv5rt.a(v5_apiuser.c.obj)
                0x0000000003804b8c                vexImuDegreesGet
 .text.vexImuStatusGet
                0x0000000003804b9c       0x10 /Users/student/Library/Application Support/Code/User/globalStorage/vexrobotics.vexcode/sdk/cpp/V5/V5_20240223_11_00_00/vexv5/libv5rt.a(v5_apiuser.c.obj)
                0x0000000003804b9c                vexImuStatusGet
 .text.vexAbsEncAngleGet
                0x0000000003804bac       0x10 /Users/student/Library/Application Support/Code/User/globalStorage/vexrobotics.vexcode/sdk/cpp/V5/V5_20240223_11_00_00/vexv5/libv5rt.a(v5_apiuser.c.obj)
                0x0000000003804bac                vexAbsEncAngleGet
 .text.vexAbsEncReverseFlagSet
                0x0000000003804bbc       0x18 /Users/student/Library/Application Support/Code/User/globalStorage/vexrobotics.vexcode/sdk/cpp/V5/V5_20240223_11_00_00/vexv5/libv5rt.a(v5_apiuser.c.obj)
                0x0000000003804bbc                vexAbsEncReverseFlagSet
 .text.vexOpticalHueGet
                0x0000000003804bd4       0x10 /Users/student/Library/Application Support/Code/User/globalStorage/vexrobotics.vexcode/sdk/cpp/V5/V5_20240223_11_00_00/vexv5/libv5rt.a(v5_apiuser.c.obj)
                0x0000000003804bd4                vexOpticalHueGet
 .text.vexOpticalGestureEnable
                0x0000000003804be4       0x10 /Users/student/Library/Application Support/Code/User/globalStorage/vexrobotics.vexcode/sdk/cpp/V5/V5_20240223_11_00_00/vexv5/libv5rt.a(v5_apiuser.c.obj)
                0x0000000003804be4                vexOpticalGestureEnable
 .text.vexOpticalGestureDisable
                0x0000000003804bf4       0x10 /Users/student/Library/Application Support/Code/User/globalStorage/vexrobotics.vexcode/sdk/cpp/V5/V5_20240223_11_00_00/vexv5/libv5rt.a(v5_apiuser.c.obj)
                0x0000000003804bf4                vexOpticalGestureDisable
 .text.vexOpticalProximityThreshold
                0x0000000003804c04       0x18 /Users/student/Library/Application Support/Code/User/globalStorage/vexrobotics.vexcode/sdk/cpp/V5/V5_20240223_11_00_00/vexv5/libv5rt.a(v5_apiuser.c.obj)
                0x0000000003804c04                vexOpticalProximityThreshold
 .text.vexEventMaskSet
                0x0000000003804c1c       0x28 /Users/student/Library/Application Support/Code/User/globalStorage/vexrobotics.vexcode/sdk/cpp/V5/V5_20240223_11_00_00/vexv5/libv5rt.a(v5_apiuser.c.obj)
                0x0000000003804c1c                vexEventMaskSet
 .text.vexEventMaskGet
                0x0000000003804c44       0x18 /Users/student/Library/Application Support/Code/User/globalStorage/vexrobotics.vexcode/sdk/cpp/V5/V5_20240223_11_00_00/vexv5/libv5rt.a(v5_apiuser.c.obj)
                0x0000000003804c44                vexEventMaskGet
 .text._ZN3vex6deviceD2Ev
                0x0000000003804c5c        0x4 /Users/student/Library/Application Support/Code/User/globalStorage/vexrobotics.vexcode/sdk/cpp/V5/V5_20240223_11_00_00/vexv5/libv5rt.a(vex_device.cpp.obj)
                0x0000000003804c5c                vex::device::~device()
                0x0000000003804c5c                vex::device::~device()
 .text._ZN3vex6device5valueEv
                0x0000000003804c60        0x8 /Users/student/Library/Application Support/Code/User/globalStorage/vexrobotics.vexcode/sdk/cpp/V5/V5_20240223_11_00_00/vexv5/libv5rt.a(vex_device.cpp.obj)
                0x0000000003804c60                vex::device::value()
 .text._ZN3vex6deviceD0Ev
                0x0000000003804c68       0x14 /Users/student/Library/Application Support/Code/User/globalStorage/vexrobotics.vexcode/sdk/cpp/V5/V5_20240223_11_00_00/vexv5/libv5rt.a(vex_device.cpp.obj)
                0x0000000003804c68                vex::device::~device()
 .text._ZN3vex6device4initEl
                0x0000000003804c7c       0x30 /Users/student/Library/Application Support/Code/User/globalStorage/vexrobotics.vexcode/sdk/cpp/V5/V5_20240223_11_00_00/vexv5/libv5rt.a(vex_device.cpp.obj)
                0x0000000003804c7c                vex::device::init(long)
 .text._ZN3vex6deviceC2El
                0x0000000003804cac       0x20 /Users/student/Library/Application Support/Code/User/globalStorage/vexrobotics.vexcode/sdk/cpp/V5/V5_20240223_11_00_00/vexv5/libv5rt.a(vex_device.cpp.obj)
                0x0000000003804cac                vex::device::device(long)
                0x0000000003804cac                vex::device::device(long)
 .text._ZN3vex6device4typeEv
                0x0000000003804ccc       0x10 /Users/student/Library/Application Support/Code/User/globalStorage/vexrobotics.vexcode/sdk/cpp/V5/V5_20240223_11_00_00/vexv5/libv5rt.a(vex_device.cpp.obj)
                0x0000000003804ccc                vex::device::type()
 .text._ZN3vex6device9installedEv
                0x0000000003804cdc       0x14 /Users/student/Library/Application Support/Code/User/globalStorage/vexrobotics.vexcode/sdk/cpp/V5/V5_20240223_11_00_00/vexv5/libv5rt.a(vex_device.cpp.obj)
                0x0000000003804cdc                vex::device::installed()
 .text._ZN3vex4taskC2EPFivE
                0x0000000003804cf0       0x5c /Users/student/Library/Application Support/Code/User/globalStorage/vexrobotics.vexcode/sdk/cpp/V5/V5_20240223_11_00_00/vexv5/libv5rt.a(vex_task.cpp.obj)
                0x0000000003804cf0                vex::task::task(int (*)())
                0x0000000003804cf0                vex::task::task(int (*)())
 .text._ZN3vex4taskD2Ev
                0x0000000003804d4c        0x4 /Users/student/Library/Application Support/Code/User/globalStorage/vexrobotics.vexcode/sdk/cpp/V5/V5_20240223_11_00_00/vexv5/libv5rt.a(vex_task.cpp.obj)
                0x0000000003804d4c                vex::task::~task()
                0x0000000003804d4c                vex::task::~task()
 .text._ZN3vex4task4stopEPvi
                0x0000000003804d50       0x1c /Users/student/Library/Application Support/Code/User/globalStorage/vexrobotics.vexcode/sdk/cpp/V5/V5_20240223_11_00_00/vexv5/libv5rt.a(vex_task.cpp.obj)
                0x0000000003804d50                vex::task::stop(void*, int)
 .text._ZN3vex4task6_indexEPFivE
                0x0000000003804d6c       0x14 /Users/student/Library/Application Support/Code/User/globalStorage/vexrobotics.vexcode/sdk/cpp/V5/V5_20240223_11_00_00/vexv5/libv5rt.a(vex_task.cpp.obj)
                0x0000000003804d6c                vex::task::_index(int (*)())
 .text._ZN3vex4task8_stopAllEv
                0x0000000003804d80       0x3c /Users/student/Library/Application Support/Code/User/globalStorage/vexrobotics.vexcode/sdk/cpp/V5/V5_20240223_11_00_00/vexv5/libv5rt.a(vex_task.cpp.obj)
                0x0000000003804d80                vex::task::_stopAll()
 .text.__libc_fini_array
                0x0000000003804dbc       0x30 /Users/student/Library/Application Support/Code/User/globalStorage/vexrobotics.vexcode/sdk/cpp/V5/V5_20240223_11_00_00/vexv5/gcc/libs/libc.a(lib_a-fini.o)
                0x0000000003804dbc                __libc_fini_array
 .text.__libc_init_array
                0x0000000003804dec       0x58 /Users/student/Library/Application Support/Code/User/globalStorage/vexrobotics.vexcode/sdk/cpp/V5/V5_20240223_11_00_00/vexv5/gcc/libs/libc.a(lib_a-init.o)
                0x0000000003804dec                __libc_init_array
 *fill*         0x0000000003804e44        0x4 
 .text.__libc_init_array.__stub
                0x0000000003804e48       0x10 linker stubs
 *(.gnu.linkonce.t.*)
 *(.plt)
 *(.gnu_warning)
 *(.gcc_except_table)
 *(.glue_7)
 .glue_7        0x0000000003804e58        0x0 linker stubs
 *(.glue_7t)
 .glue_7t       0x0000000003804e58        0x0 linker stubs
 *(.vfp11_veneer)
 .vfp11_veneer  0x0000000003804e58        0x0 linker stubs
 *(.ARM.extab)
 *(.gnu.linkonce.armextab.*)

.v4_bx          0x0000000003804e58        0x0
 .v4_bx         0x0000000003804e58        0x0 linker stubs

.iplt           0x0000000003804e58        0x0
 .iplt          0x0000000003804e58        0x0 build/src/main.o

.init
 *(.init)

.fini
 *(.fini)

.rodata         0x0000000003804e58    0x2f4b8
                0x0000000003804e58                __rodata_start = .
 *(.rodata)
 *(.rodata.*)
 .rodata.str1.1
                0x0000000003804e58     0x2f96 build/src/main.o
 *fill*         0x0000000003807dee        0x2 
 .rodata._ZZ8drawLogovE11imageColors
                0x0000000003807df0     0x16ec build/src/main.o
 .rodata._ZZ8drawLogovE12imageIndices
                0x00000000038094dc    0x1560c build/src/main.o
 .rodata._ZZ8drawLogovE11imageCounts
                0x000000000381eae8    0x1560c build/src/main.o
 .rodata.str1.1
                0x00000000038340f4       0x2e /Users/student/Library/Application Support/Code/User/globalStorage/vexrobotics.vexcode/sdk/cpp/V5/V5_20240223_11_00_00/vexv5/libv5rt.a(v5_startup.c.obj)
 *fill*         0x0000000003834122        0x2 
 .rodata._ZN3vex6PORT20E
                0x0000000003834124        0x4 /Users/student/Library/Application Support/Code/User/globalStorage/vexrobotics.vexcode/sdk/cpp/V5/V5_20240223_11_00_00/vexv5/libv5rt.a(vex_global.cpp.obj)
                0x0000000003834124                vex::PORT20
 .rodata._ZN3vex3revE
                0x0000000003834128        0x4 /Users/student/Library/Application Support/Code/User/globalStorage/vexrobotics.vexcode/sdk/cpp/V5/V5_20240223_11_00_00/vexv5/libv5rt.a(vex_global.cpp.obj)
                0x0000000003834128                vex::rev
 .rodata._ZN3vex3fwdE
                0x000000000383412c        0x4 /Users/student/Library/Application Support/Code/User/globalStorage/vexrobotics.vexcode/sdk/cpp/V5/V5_20240223_11_00_00/vexv5/libv5rt.a(vex_global.cpp.obj)
                0x000000000383412c                vex::fwd
 .rodata._ZN3vex5PORT1E
                0x0000000003834130        0x4 /Users/student/Library/Application Support/Code/User/globalStorage/vexrobotics.vexcode/sdk/cpp/V5/V5_20240223_11_00_00/vexv5/libv5rt.a(vex_global.cpp.obj)
                0x0000000003834130                vex::PORT1
 .rodata._ZN3vex4voltE
                0x0000000003834134        0x4 /Users/student/Library/Application Support/Code/User/globalStorage/vexrobotics.vexcode/sdk/cpp/V5/V5_20240223_11_00_00/vexv5/libv5rt.a(vex_global.cpp.obj)
                0x0000000003834134                vex::volt
 .rodata._ZN3vex7forwardE
                0x0000000003834138        0x4 /Users/student/Library/Application Support/Code/User/globalStorage/vexrobotics.vexcode/sdk/cpp/V5/V5_20240223_11_00_00/vexv5/libv5rt.a(vex_global.cpp.obj)
                0x0000000003834138                vex::forward
 .rodata._ZN3vex5whiteE
                0x000000000383413c        0x4 /Users/student/Library/Application Support/Code/User/globalStorage/vexrobotics.vexcode/sdk/cpp/V5/V5_20240223_11_00_00/vexv5/libv5rt.a(vex_global.cpp.obj)
                0x000000000383413c                vex::white
 .rodata._ZN3vex3pctE
                0x0000000003834140        0x4 /Users/student/Library/Application Support/Code/User/globalStorage/vexrobotics.vexcode/sdk/cpp/V5/V5_20240223_11_00_00/vexv5/libv5rt.a(vex_global.cpp.obj)
                0x0000000003834140                vex::pct
 .rodata._ZN3vex3redE
                0x0000000003834144        0x4 /Users/student/Library/Application Support/Code/User/globalStorage/vexrobotics.vexcode/sdk/cpp/V5/V5_20240223_11_00_00/vexv5/libv5rt.a(vex_global.cpp.obj)
                0x0000000003834144                vex::red
 .rodata._ZN3vex4msecE
                0x0000000003834148        0x4 /Users/student/Library/Application Support/Code/User/globalStorage/vexrobotics.vexcode/sdk/cpp/V5/V5_20240223_11_00_00/vexv5/libv5rt.a(vex_global.cpp.obj)
                0x0000000003834148                vex::msec
 .rodata._ZN3vex6PORT18E
                0x000000000383414c        0x4 /Users/student/Library/Application Support/Code/User/globalStorage/vexrobotics.vexcode/sdk/cpp/V5/V5_20240223_11_00_00/vexv5/libv5rt.a(vex_global.cpp.obj)
                0x000000000383414c                vex::PORT18
 .rodata._ZN3vex9ratio36_1E
                0x0000000003834150        0x4 /Users/student/Library/Application Support/Code/User/globalStorage/vexrobotics.vexcode/sdk/cpp/V5/V5_20240223_11_00_00/vexv5/libv5rt.a(vex_global.cpp.obj)
                0x0000000003834150                vex::ratio36_1
 .rodata._ZN3vex5PORT9E
                0x0000000003834154        0x4 /Users/student/Library/Application Support/Code/User/globalStorage/vexrobotics.vexcode/sdk/cpp/V5/V5_20240223_11_00_00/vexv5/libv5rt.a(vex_global.cpp.obj)
                0x0000000003834154                vex::PORT9
 .rodata._ZN3vex6PORT21E
                0x0000000003834158        0x4 /Users/student/Library/Application Support/Code/User/globalStorage/vexrobotics.vexcode/sdk/cpp/V5/V5_20240223_11_00_00/vexv5/libv5rt.a(vex_global.cpp.obj)
                0x0000000003834158                vex::PORT21
 .rodata._ZN3vex5PORT2E
                0x000000000383415c        0x4 /Users/student/Library/Application Support/Code/User/globalStorage/vexrobotics.vexcode/sdk/cpp/V5/V5_20240223_11_00_00/vexv5/libv5rt.a(vex_global.cpp.obj)
                0x000000000383415c                vex::PORT2
 .rodata._ZN3vex3degE
                0x0000000003834160        0x4 /Users/student/Library/Application Support/Code/User/globalStorage/vexrobotics.vexcode/sdk/cpp/V5/V5_20240223_11_00_00/vexv5/libv5rt.a(vex_global.cpp.obj)
                0x0000000003834160                vex::deg
 .rodata._ZN3vex7percentE
                0x0000000003834164        0x4 /Users/student/Library/Application Support/Code/User/globalStorage/vexrobotics.vexcode/sdk/cpp/V5/V5_20240223_11_00_00/vexv5/libv5rt.a(vex_global.cpp.obj)
                0x0000000003834164                vex::percent
 .rodata._ZN3vex6PORT15E
                0x0000000003834168        0x4 /Users/student/Library/Application Support/Code/User/globalStorage/vexrobotics.vexcode/sdk/cpp/V5/V5_20240223_11_00_00/vexv5/libv5rt.a(vex_global.cpp.obj)
                0x0000000003834168                vex::PORT15
 .rodata._ZN3vex6PORT22E
                0x000000000383416c        0x4 /Users/student/Library/Application Support/Code/User/globalStorage/vexrobotics.vexcode/sdk/cpp/V5/V5_20240223_11_00_00/vexv5/libv5rt.a(vex_global.cpp.obj)
                0x000000000383416c                vex::PORT22
 .rodata._ZN3vex4holdE
                0x0000000003834170        0x4 /Users/student/Library/Application Support/Code/User/globalStorage/vexrobotics.vexcode/sdk/cpp/V5/V5_20240223_11_00_00/vexv5/libv5rt.a(vex_global.cpp.obj)
                0x0000000003834170                vex::hold
 .rodata._ZN3vex8ratio6_1E